Component: ARM Compiler 6.14 Tool: armlink [5db06800]

==============================================================================

Section Cross References

    startup_stm32f407xx.o(RESET) refers to startup_stm32f407xx.o(STACK) for __initial_sp
    startup_stm32f407xx.o(RESET) refers to startup_stm32f407xx.o(.text) for Reset_Handler
    startup_stm32f407xx.o(RESET) refers to stm32f4xx_it.o(.text.NMI_Handler) for NMI_Handler
    startup_stm32f407xx.o(RESET) refers to stm32f4xx_it.o(.text.HardFault_Handler) for HardFault_Handler
    startup_stm32f407xx.o(RESET) refers to stm32f4xx_it.o(.text.MemManage_Handler) for MemManage_Handler
    startup_stm32f407xx.o(RESET) refers to stm32f4xx_it.o(.text.BusFault_Handler) for BusFault_Handler
    startup_stm32f407xx.o(RESET) refers to stm32f4xx_it.o(.text.UsageFault_Handler) for UsageFault_Handler
    startup_stm32f407xx.o(RESET) refers to stm32f4xx_it.o(.text.SVC_Handler) for SVC_Handler
    startup_stm32f407xx.o(RESET) refers to stm32f4xx_it.o(.text.DebugMon_Handler) for DebugMon_Handler
    startup_stm32f407xx.o(RESET) refers to stm32f4xx_it.o(.text.PendSV_Handler) for PendSV_Handler
    startup_stm32f407xx.o(RESET) refers to stm32f4xx_it.o(.text.SysTick_Handler) for SysTick_Handler
    startup_stm32f407xx.o(RESET) refers to stm32f4xx_it.o(.text.TIM2_IRQHandler) for TIM2_IRQHandler
    startup_stm32f407xx.o(RESET) refers to stm32f4xx_it.o(.text.USART1_IRQHandler) for USART1_IRQHandler
    startup_stm32f407xx.o(RESET) refers to stm32f4xx_it.o(.text.USART2_IRQHandler) for USART2_IRQHandler
    startup_stm32f407xx.o(.text) refers to system_stm32f4xx.o(.text.SystemInit) for SystemInit
    startup_stm32f407xx.o(.text) refers to entry.o(.ARM.Collect$$$$00000000) for __main
    main.o(.text.main) refers to stm32f4xx_hal.o(.text.HAL_Init) for HAL_Init
    main.o(.text.main) refers to main.o(.text.SystemClock_Config) for SystemClock_Config
    main.o(.text.main) refers to gpio.o(.text.MX_GPIO_Init) for MX_GPIO_Init
    main.o(.text.main) refers to adc.o(.text.MX_ADC1_Init) for MX_ADC1_Init
    main.o(.text.main) refers to i2c.o(.text.MX_I2C1_Init) for MX_I2C1_Init
    main.o(.text.main) refers to tim.o(.text.MX_TIM2_Init) for MX_TIM2_Init
    main.o(.text.main) refers to usart.o(.text.MX_USART1_UART_Init) for MX_USART1_UART_Init
    main.o(.text.main) refers to spi.o(.text.MX_SPI1_Init) for MX_SPI1_Init
    main.o(.text.main) refers to usart.o(.text.MX_USART2_UART_Init) for MX_USART2_UART_Init
    main.o(.text.main) refers to spi.o(.text.MX_SPI2_Init) for MX_SPI2_Init
    main.o(.text.main) refers to usart.o(.text.MX_USART3_UART_Init) for MX_USART3_UART_Init
    main.o(.text.main) refers to i2c.o(.text.MX_I2C2_Init) for MX_I2C2_Init
    main.o(.text.main) refers to usart.o(.text.MX_UART4_Init) for MX_UART4_Init
    main.o(.text.main) refers to usart.o(.text.MX_USART6_UART_Init) for MX_USART6_UART_Init
    main.o(.text.main) refers to i2c.o(.text.MX_I2C3_Init) for MX_I2C3_Init
    main.o(.text.main) refers to usermain.o(.text.UserInit) for UserInit
    main.o(.text.main) refers to usermain.o(.text.UserMain) for UserMain
    main.o(.ARM.exidx.text.main) refers to main.o(.text.main) for [Anonymous Symbol]
    main.o(.text.SystemClock_Config) refers to memseta.o(.text) for __aeabi_memclr4
    main.o(.text.SystemClock_Config) refers to stm32f4xx_hal_rcc.o(.text.HAL_RCC_OscConfig) for HAL_RCC_OscConfig
    main.o(.text.SystemClock_Config) refers to stm32f4xx_hal_rcc.o(.text.HAL_RCC_ClockConfig) for HAL_RCC_ClockConfig
    main.o(.ARM.exidx.text.SystemClock_Config) refers to main.o(.text.SystemClock_Config) for [Anonymous Symbol]
    main.o(.ARM.exidx.text.Error_Handler) refers to main.o(.text.Error_Handler) for [Anonymous Symbol]
    gpio.o(.text.MX_GPIO_Init) refers to stm32f4xx_hal_gpio.o(.text.HAL_GPIO_WritePin) for HAL_GPIO_WritePin
    gpio.o(.text.MX_GPIO_Init) refers to stm32f4xx_hal_gpio.o(.text.HAL_GPIO_Init) for HAL_GPIO_Init
    gpio.o(.ARM.exidx.text.MX_GPIO_Init) refers to gpio.o(.text.MX_GPIO_Init) for [Anonymous Symbol]
    adc.o(.text.MX_ADC1_Init) refers to adc.o(.bss.hadc1) for hadc1
    adc.o(.text.MX_ADC1_Init) refers to stm32f4xx_hal_adc.o(.text.HAL_ADC_Init) for HAL_ADC_Init
    adc.o(.text.MX_ADC1_Init) refers to main.o(.text.Error_Handler) for Error_Handler
    adc.o(.text.MX_ADC1_Init) refers to stm32f4xx_hal_adc.o(.text.HAL_ADC_ConfigChannel) for HAL_ADC_ConfigChannel
    adc.o(.ARM.exidx.text.MX_ADC1_Init) refers to adc.o(.text.MX_ADC1_Init) for [Anonymous Symbol]
    adc.o(.text.HAL_ADC_MspInit) refers to stm32f4xx_hal_gpio.o(.text.HAL_GPIO_Init) for HAL_GPIO_Init
    adc.o(.ARM.exidx.text.HAL_ADC_MspInit) refers to adc.o(.text.HAL_ADC_MspInit) for [Anonymous Symbol]
    adc.o(.text.HAL_ADC_MspDeInit) refers to stm32f4xx_hal_gpio.o(.text.HAL_GPIO_DeInit) for HAL_GPIO_DeInit
    adc.o(.ARM.exidx.text.HAL_ADC_MspDeInit) refers to adc.o(.text.HAL_ADC_MspDeInit) for [Anonymous Symbol]
    i2c.o(.text.MX_I2C1_Init) refers to i2c.o(.bss.hi2c1) for hi2c1
[...]
    ../clib/microlib/string/memcpy.c         0x00000000   Number         0  memcpya.o ABSOLUTE
    ../clib/microlib/string/memcpy.c         0x00000000   Number         0  memcpyb.o ABSOLUTE
    ../clib/microlib/string/memset.c         0x00000000   Number         0  memseta.o ABSOLUTE
    ../clib/microlib/stubs.s                 0x00000000   Number         0  iusefp.o ABSOLUTE
    ../fplib/microlib/d2f.c                  0x00000000   Number         0  d2f.o ABSOLUTE
    ../fplib/microlib/f2d.c                  0x00000000   Number         0  f2d.o ABSOLUTE
    ../fplib/microlib/fpadd.c                0x00000000   Number         0  dadd.o ABSOLUTE
    ../fplib/microlib/fpcmp.c                0x00000000   Number         0  dcmplt.o ABSOLUTE
    ../fplib/microlib/fpdiv.c                0x00000000   Number         0  ddiv.o ABSOLUTE
    ../fplib/microlib/fpepilogue.c           0x00000000   Number         0  fepilogue.o ABSOLUTE
    ../fplib/microlib/fpepilogue.c           0x00000000   Number         0  depilogue.o ABSOLUTE
    ../fplib/microlib/fpfix.c                0x00000000   Number         0  dfixi.o ABSOLUTE
    ../fplib/microlib/fpfix.c                0x00000000   Number         0  dfixui.o ABSOLUTE
    ../fplib/microlib/fpfix.c                0x00000000   Number         0  dfixul.o ABSOLUTE
    ../fplib/microlib/fpflt.c                0x00000000   Number         0  dflti.o ABSOLUTE
    ../fplib/microlib/fpflt.c                0x00000000   Number         0  dfltui.o ABSOLUTE
    ../fplib/microlib/fpmul.c                0x00000000   Number         0  dmul.o ABSOLUTE
    ../fplib/microlib/fprnd.c                0x00000000   Number         0  drnd.o ABSOLUTE
    ../mathlib/round.c                       0x00000000   Number         0  round.o ABSOLUTE
    ADS1292.c                                0x00000000   Number         0  ads1292.o ABSOLUTE
    BMI160.c                                 0x00000000   Number         0  bmi160.o ABSOLUTE
    Gui.c                                    0x00000000   Number         0  gui.o ABSOLUTE
    Gyro.c                                   0x00000000   Number         0  gyro.o ABSOLUTE
    LCD.c                                    0x00000000   Number         0  lcd.o ABSOLUTE
    LMT70.c                                  0x00000000   Number         0  lmt70.o ABSOLUTE
    MLX90614.c                               0x00000000   Number         0  mlx90614.o ABSOLUTE
    MatrixKeyboard.c                         0x00000000   Number         0  matrixkeyboard.o ABSOLUTE
    UserMain.c                               0x00000000   Number         0  usermain.o ABSOLUTE
    adc.c                                    0x00000000   Number         0  adc.o ABSOLUTE
    cdcmple.s                                0x00000000   Number         0  cdcmple.o ABSOLUTE
    cdrcmple.s                               0x00000000   Number         0  cdrcmple.o ABSOLUTE
    dc.s                                     0x00000000   Number         0  dc.o ABSOLUTE
    gpio.c                                   0x00000000   Number         0  gpio.o ABSOLUTE
    handlers.s                               0x00000000   Number         0  handlers.o ABSOLUTE
    i2c.c                                    0x00000000   Number         0  i2c.o ABSOLUTE
    init.s                                   0x00000000   Number         0  init.o ABSOLUTE
    main.c                                   0x00000000   Number         0  main.o ABSOLUTE
    spi.c                                    0x00000000   Number         0  spi.o ABSOLUTE
    startup_stm32f407xx.s                    0x00000000   Number         0  startup_stm32f407xx.o ABSOLUTE
    stm32f4xx_hal.c                          0x00000000   Number         0  stm32f4xx_hal.o ABSOLUTE
    stm32f4xx_hal_adc.c                      0x00000000   Number         0  stm32f4xx_hal_adc.o ABSOLUTE
    stm32f4xx_hal_adc_ex.c                   0x00000000   Number         0  stm32f4xx_hal_adc_ex.o ABSOLUTE
    stm32f4xx_hal_cortex.c                   0x00000000   Number         0  stm32f4xx_hal_cortex.o ABSOLUTE
    stm32f4xx_hal_dma.c                      0x00000000   Number         0  stm32f4xx_hal_dma.o ABSOLUTE
    stm32f4xx_hal_dma_ex.c                   0x00000000   Number         0  stm32f4xx_hal_dma_ex.o ABSOLUTE
    stm32f4xx_hal_exti.c                     0x00000000   Number         0  stm32f4xx_hal_exti.o ABSOLUTE
    stm32f4xx_hal_flash.c                    0x00000000   Number         0  stm32f4xx_hal_flash.o ABSOLUTE
    stm32f4xx_hal_flash_ex.c                 0x00000000   Number         0  stm32f4xx_hal_flash_ex.o ABSOLUTE
    stm32f4xx_hal_flash_ramfunc.c            0x00000000   Number         0  stm32f4xx_hal_flash_ramfunc.o ABSOLUTE
    stm32f4xx_hal_gpio.c                     0x00000000   Number         0  stm32f4xx_hal_gpio.o ABSOLUTE
    stm32f4xx_hal_i2c.c                      0x00000000   Number         0  stm32f4xx_hal_i2c.o ABSOLUTE
    stm32f4xx_hal_i2c_ex.c                   0x00000000   Number         0  stm32f4xx_hal_i2c_ex.o ABSOLUTE
    stm32f4xx_hal_msp.c                      0x00000000   Number         0  stm32f4xx_hal_msp.o ABSOLUTE
    stm32f4xx_hal_pwr.c                      0x00000000   Number         0  stm32f4xx_hal_pwr.o ABSOLUTE
    stm32f4xx_hal_pwr_ex.c                   0x00000000   Number         0  stm32f4xx_hal_pwr_ex.o ABSOLUTE
    stm32f4xx_hal_rcc.c                      0x00000000   Number         0  stm32f4xx_hal_rcc.o ABSOLUTE
    stm32f4xx_hal_rcc_ex.c                   0x00000000   Number         0  stm32f4xx_hal_rcc_ex.o ABSOLUTE
    stm32f4xx_hal_spi.c                      0x00000000   Number         0  stm32f4xx_hal_spi.o ABSOLUTE
    stm32f4xx_hal_tim.c                      0x00000000   Number         0  stm32f4xx_hal_tim.o ABSOLUTE
    stm32f4xx_hal_tim_ex.c                   0x00000000   Number         0  stm32f4xx_hal_tim_ex.o ABSOLUTE
    stm32f4xx_hal_uart.c                     0x00000000   Number         0  stm32f4xx_hal_uart.o ABSOLUTE
    stm32f4xx_it.c                           0x00000000   Number         0  stm32f4xx_it.o ABSOLUTE
    system_stm32f4xx.c                       0x00000000   Number         0  system_stm32f4xx.o ABSOLUTE
    tim.c                                    0x00000000   Number         0  tim.o ABSOLUTE
    usart.c                                  0x00000000   Number         0  usart.o ABSOLUTE
    RESET                                    0x08000000   Section      392  startup_stm32f407xx.o(RESET)
    .ARM.Collect$$$$00000000                 0x08000188   Section        0  entry.o(.ARM.Collect$$$$00000000)
    .ARM.Collect$$$$00000001                 0x08000188   Section        4  entry2.o(.ARM.Collect$$$$00000001)
    .ARM.Collect$$$$00000004                 0x0800018c   Section        4  entry5.o(.ARM.Collect$$$$00000004)
    .ARM.Collect$$$$00000008                 0x08000190   Section        0  entry7b.o(.ARM.Collect$$$$00000008)
    .ARM.Collect$$$$0000000A                 0x08000190   Section        0  entry8b.o(.ARM.Collect$$$$0000000A)
    .ARM.Collect$$$$0000000B                 0x08000190   Section        8  entry9a.o(.ARM.Collect$$$$0000000B)
    __lit__00000000                          0x08000198   Data           4  entry2.o(.ARM.Collect$$$$00002712)
    .ARM.Collect$$$$0000000D                 0x08000198   Section        0  entry10a.o(.ARM.Collect$$$$0000000D)
    .ARM.Collect$$$$0000000F                 0x08000198   Section        0  entry11a.o(.ARM.Collect$$$$0000000F)
    .ARM.Collect$$$$00002712                 0x08000198   Section        4  entry2.o(.ARM.Collect$$$$00002712)
    $v0                                      0x0800019c   Number         0  startup_stm32f407xx.o(.text)
    .text                                    0x0800019c   Section       36  startup_stm32f407xx.o(.text)
    .text                                    0x080001c0   Section        0  uldiv.o(.text)
    .text                                    0x08000222   Section        0  memseta.o(.text)
    .text                                    0x08000246   Section        0  dadd.o(.text)
    .text                                    0x08000394   Section        0  dmul.o(.text)
    .text                                    0x08000478   Section        0  ddiv.o(.text)
    .text                                    0x08000556   Section        0  f2d.o(.text)
    .text                                    0x0800057c   Section        0  d2f.o(.text)
    .text                                    0x080005b4   Section        0  uidiv.o(.text)
    .text                                    0x080005e0   Section        0  llshl.o(.text)
    .text                                    0x080005fe   Section        0  llushr.o(.text)
    .text                                    0x0800061e   Section        0  llsshr.o(.text)
    .text                                    0x08000642   Section        0  iusefp.o(.text)
    .text                                    0x08000642   Section        0  fepilogue.o(.text)
    .text                                    0x080006b0   Section        0  depilogue.o(.text)
    .text                                    0x0800076a   Section        0  dfixul.o(.text)
    .text                                    0x0800079c   Section       48  cdrcmple.o(.text)
    .text                                    0x080007cc   Section       36  init.o(.text)
    ADC_Init                                 0x080007f1   Thumb Code   264  stm32f4xx_hal_adc.o(.text.ADC_Init)
    [Anonymous Symbol]                       0x080007f0   Section        0  stm32f4xx_hal_adc.o(.text.ADC_Init)
    [Anonymous Symbol]                       0x080008f8   Section        0  stm32f4xx_it.o(.text.BusFault_Handler)
    [Anonymous Symbol]                       0x080008fc   Section        0  usermain.o(.text.DataPacketTransfer)
    [Anonymous Symbol]                       0x0800095c   Section        0  stm32f4xx_it.o(.text.DebugMon_Handler)
    [Anonymous Symbol]                       0x08000960   Section        0  main.o(.text.Error_Handler)
    [Anonymous Symbol]                       0x08000964   Section        0  gui.o(.text.Gui_DrawFont_GBK16)
    [Anonymous Symbol]                       0x08000af4   Section        0  lcd.o(.text.Gui_DrawPoint)
    [Anonymous Symbol]                       0x08000b04   Section        0  stm32f4xx_hal_adc.o(.text.HAL_ADC_ConfigChannel)
    [Anonymous Symbol]                       0x08000c0c   Section        0  stm32f4xx_hal_adc.o(.text.HAL_ADC_GetState)
    [Anonymous Symbol]                       0x08000c10   Section        0  stm32f4xx_hal_adc.o(.text.HAL_ADC_GetValue)
    [Anonymous Symbol]                       0x08000c18   Section        0  stm32f4xx_hal_adc.o(.text.HAL_ADC_Init)
    [Anonymous Symbol]                       0x08000c68   Section        0  adc.o(.text.HAL_ADC_MspInit)
    [Anonymous Symbol]                       0x08000cd4   Section        0  stm32f4xx_hal_adc.o(.text.HAL_ADC_PollForConversion)
    [Anonymous Symbol]                       0x08000d88   Section        0  stm32f4xx_hal_adc.o(.text.HAL_ADC_Start)
    [Anonymous Symbol]                       0x08000e8c   Section        0  stm32f4xx_hal_dma.o(.text.HAL_DMA_Abort_IT)
    [Anonymous Symbol]                       0x08000eb0   Section        0  stm32f4xx_hal.o(.text.HAL_Delay)
    [Anonymous Symbol]                       0x08000ed8   Section        0  stm32f4xx_hal_gpio.o(.text.HAL_GPIO_Init)
    [Anonymous Symbol]                       0x0800106c   Section        0  stm32f4xx_hal_gpio.o(.text.HAL_GPIO_TogglePin)
    [Anonymous Symbol]                       0x0800107c   Section        0  stm32f4xx_hal_gpio.o(.text.HAL_GPIO_WritePin)
    [Anonymous Symbol]                       0x08001088   Section        0  stm32f4xx_hal.o(.text.HAL_GetTick)
    [Anonymous Symbol]                       0x08001094   Section        0  stm32f4xx_hal_i2c.o(.text.HAL_I2C_Init)
    [Anonymous Symbol]                       0x08001224   Section        0  i2c.o(.text.HAL_I2C_MspInit)
    [Anonymous Symbol]                       0x080013a0   Section        0  stm32f4xx_hal.o(.text.HAL_IncTick)
    [Anonymous Symbol]                       0x080013bc   Section        0  stm32f4xx_hal.o(.text.HAL_Init)
    [Anonymous Symbol]                       0x080013f4   Section        0  stm32f4xx_hal.o(.text.HAL_InitTick)
    [Anonymous Symbol]                       0x08001444   Section        0  stm32f4xx_hal_msp.o(.text.HAL_MspInit)
    [Anonymous Symbol]                       0x0800147c   Section        0  stm32f4xx_hal_cortex.o(.text.HAL_NVIC_EnableIRQ)
    [Anonymous Symbol]                       0x08001484   Section        0  stm32f4xx_hal_cortex.o(.text.HAL_NVIC_SetPriority)
    [Anonymous Symbol]                       0x080014a4   Section        0  stm32f4xx_hal_cortex.o(.text.HAL_NVIC_SetPriorityGrouping)
    [Anonymous Symbol]                       0x080014ac   Section        0  stm32f4xx_hal_rcc.o(.text.HAL_RCC_ClockConfig)
    [Anonymous Symbol]                       0x0800160c   Section        0  stm32f4xx_hal_rcc.o(.text.HAL_RCC_GetHCLKFreq)
    [Anonymous Symbol]                       0x08001618   Section        0  stm32f4xx_hal_rcc.o(.text.HAL_RCC_GetPCLK1Freq)
    [Anonymous Symbol]                       0x0800163c   Section        0  stm32f4xx_hal_rcc.o(.text.HAL_RCC_GetPCLK2Freq)
    [Anonymous Symbol]                       0x08001660   Section        0  stm32f4xx_hal_rcc.o(.text.HAL_RCC_GetSysClockFreq)
    [Anonymous Symbol]                       0x080016c8   Section        0  stm32f4xx_hal_rcc.o(.text.HAL_RCC_OscConfig)
    [Anonymous Symbol]                       0x080019fc   Section        0  stm32f4xx_hal_spi.o(.text.HAL_SPI_Init)
    [Anonymous Symbol]                       0x08001a70   Section        0  spi.o(.text.HAL_SPI_MspInit)
    [Anonymous Symbol]                       0x08001b34   Section        0  stm32f4xx_hal_spi.o(.text.HAL_SPI_Transmit)
    [Anonymous Symbol]                       0x08001ca8   Section        0  stm32f4xx_hal_cortex.o(.text.HAL_SYSTICK_Config)
    [Anonymous Symbol]                       0x08001cb0   Section        0  stm32f4xx_hal_tim_ex.o(.text.HAL_TIMEx_BreakCallback)
    [Anonymous Symbol]                       0x08001cb4   Section        0  stm32f4xx_hal_tim_ex.o(.text.HAL_TIMEx_CommutCallback)
    [Anonymous Symbol]                       0x08001cb8   Section        0  stm32f4xx_hal_tim_ex.o(.text.HAL_TIMEx_MasterConfigSynchronization)
    [Anonymous Symbol]                       0x08001d70   Section        0  stm32f4xx_hal_tim.o(.text.HAL_TIM_Base_Init)
    [Anonymous Symbol]                       0x08001da8   Section        0  tim.o(.text.HAL_TIM_Base_MspInit)
    [Anonymous Symbol]                       0x08001dec   Section        0  stm32f4xx_hal_tim.o(.text.HAL_TIM_Base_Start_IT)
    [Anonymous Symbol]                       0x08001e0c   Section        0  stm32f4xx_hal_tim.o(.text.HAL_TIM_ConfigClockSource)
    [Anonymous Symbol]                       0x08001edc   Section        0  stm32f4xx_hal_tim.o(.text.HAL_TIM_IC_CaptureCallback)
    [Anonymous Symbol]                       0x08001ee0   Section        0  stm32f4xx_hal_tim.o(.text.HAL_TIM_IRQHandler)
    [Anonymous Symbol]                       0x0800204c   Section        0  stm32f4xx_hal_tim.o(.text.HAL_TIM_OC_DelayElapsedCallback)
    [Anonymous Symbol]                       0x08002050   Section        0  stm32f4xx_hal_tim.o(.text.HAL_TIM_PWM_PulseFinishedCallback)
    [Anonymous Symbol]                       0x08002054   Section        0  usermain.o(.text.HAL_TIM_PeriodElapsedCallback)
    [Anonymous Symbol]                       0x080020b0   Section        0  stm32f4xx_hal_tim.o(.text.HAL_TIM_TriggerCallback)
    [Anonymous Symbol]                       0x080020b4   Section        0  stm32f4xx_hal_uart.o(.text.HAL_UART_ErrorCallback)
    [Anonymous Symbol]                       0x080020b8   Section        0  stm32f4xx_hal_uart.o(.text.HAL_UART_IRQHandler)
    [Anonymous Symbol]                       0x080021cc   Section        0  stm32f4xx_hal_uart.o(.text.HAL_UART_Init)
    [Anonymous Symbol]                       0x0800222c   Section        0  usart.o(.text.HAL_UART_MspInit)
    [Anonymous Symbol]                       0x08002458   Section        0  stm32f4xx_hal_uart.o(.text.HAL_UART_Receive_IT)
    [Anonymous Symbol]                       0x080024ac   Section        0  usermain.o(.text.HAL_UART_RxCpltCallback)
    [Anonymous Symbol]                       0x08002590   Section        0  stm32f4xx_hal_uart.o(.text.HAL_UART_Transmit)
    [Anonymous Symbol]                       0x08002654   Section        0  stm32f4xx_hal_uart.o(.text.HAL_UART_TxCpltCallback)
    [Anonymous Symbol]                       0x08002658   Section        0  stm32f4xx_it.o(.text.HardFault_Handler)
    [Anonymous Symbol]                       0x0800265c   Section        0  usermain.o(.text.HeartDataProcess)
    [Anonymous Symbol]                       0x08002698   Section        0  lcd.o(.text.LCD_SPI_Init)
    [Anonymous Symbol]                       0x080026d0   Section        0  lmt70.o(.text.LMT70_GetContactTemperature)
    [Anonymous Symbol]                       0x080027b8   Section        0  gui.o(.text.LcdAppendList)
    [Anonymous Symbol]                       0x0800283c   Section        0  lcd.o(.text.Lcd_Clear)
    [Anonymous Symbol]                       0x08002874   Section        0  lcd.o(.text.Lcd_Init)
    [Anonymous Symbol]                       0x08002a78   Section        0  lcd.o(.text.Lcd_Reset)
    [Anonymous Symbol]                       0x08002aa4   Section        0  lcd.o(.text.Lcd_SetRegion)
    [Anonymous Symbol]                       0x08002ae0   Section        0  lcd.o(.text.Lcd_SetXY)
    [Anonymous Symbol]                       0x08002b08   Section        0  lcd.o(.text.Lcd_WriteData)
    [Anonymous Symbol]                       0x08002b3c   Section        0  lcd.o(.text.Lcd_WriteData_16Bit)
    [Anonymous Symbol]                       0x08002b50   Section        0  lcd.o(.text.Lcd_WriteIndex)
    [Anonymous Symbol]                       0x08002b84   Section        0  adc.o(.text.MX_ADC1_Init)
    [Anonymous Symbol]                       0x08002bf4   Section        0  gpio.o(.text.MX_GPIO_Init)
    [Anonymous Symbol]                       0x08002d80   Section        0  i2c.o(.text.MX_I2C1_Init)
    [Anonymous Symbol]                       0x08002dc0   Section        0  i2c.o(.text.MX_I2C2_Init)
    [Anonymous Symbol]                       0x08002e00   Section        0  i2c.o(.text.MX_I2C3_Init)
    [Anonymous Symbol]                       0x08002e40   Section        0  spi.o(.text.MX_SPI1_Init)
    [Anonymous Symbol]                       0x08002e8c   Section        0  spi.o(.text.MX_SPI2_Init)
    [Anonymous Symbol]                       0x08002ed4   Section        0  tim.o(.text.MX_TIM2_Init)
    [Anonymous Symbol]                       0x08002f50   Section        0  usart.o(.text.MX_UART4_Init)
    [Anonymous Symbol]                       0x08002f88   Section        0  usart.o(.text.MX_USART1_UART_Init)
    [Anonymous Symbol]                       0x08002fc0   Section        0  usart.o(.text.MX_USART2_UART_Init)
    [Anonymous Symbol]                       0x08002ff8   Section        0  usart.o(.text.MX_USART3_UART_Init)
    [Anonymous Symbol]                       0x08003030   Section        0  usart.o(.text.MX_USART6_UART_Init)
    [Anonymous Symbol]                       0x08003068   Section        0  stm32f4xx_it.o(.text.MemManage_Handler)
    [Anonymous Symbol]                       0x0800306c   Section        0  stm32f4xx_it.o(.text.NMI_Handler)
    NVIC_EncodePriority                      0x08003071   Thumb Code    44  stm32f4xx_hal_cortex.o(.text.NVIC_EncodePriority)
    [Anonymous Symbol]                       0x08003070   Section        0  stm32f4xx_hal_cortex.o(.text.NVIC_EncodePriority)
    [Anonymous Symbol]                       0x0800309c   Section        0  stm32f4xx_it.o(.text.PendSV_Handler)
    SPI_EndRxTxTransaction                   0x080030a1   Thumb Code   100  stm32f4xx_hal_spi.o(.text.SPI_EndRxTxTransaction)
    [Anonymous Symbol]                       0x080030a0   Section        0  stm32f4xx_hal_spi.o(.text.SPI_EndRxTxTransaction)
    SPI_WaitFlagStateUntilTimeout            0x08003105   Thumb Code   146  stm32f4xx_hal_spi.o(.text.SPI_WaitFlagStateUntilTimeout)
    [Anonymous Symbol]                       0x08003104   Section        0  stm32f4xx_hal_spi.o(.text.SPI_WaitFlagStateUntilTimeout)
    [Anonymous Symbol]                       0x08003198   Section        0  lcd.o(.text.SPI_WriteByte)
    [Anonymous Symbol]                       0x080031b8   Section        0  stm32f4xx_it.o(.text.SVC_Handler)
    [Anonymous Symbol]                       0x080031bc   Section        0  usermain.o(.text.StepDataProcess)
    SysTick_Config                           0x080031f9   Thumb Code    46  stm32f4xx_hal_cortex.o(.text.SysTick_Config)
    [Anonymous Symbol]                       0x080031f8   Section        0  stm32f4xx_hal_cortex.o(.text.SysTick_Config)
    [Anonymous Symbol]                       0x08003228   Section        0  stm32f4xx_it.o(.text.SysTick_Handler)
    [Anonymous Symbol]                       0x08003230   Section        0  main.o(.text.SystemClock_Config)
    [Anonymous Symbol]                       0x080032cc   Section        0  system_stm32f4xx.o(.text.SystemInit)
    [Anonymous Symbol]                       0x080032e8   Section        0  stm32f4xx_it.o(.text.TIM2_IRQHandler)
    [Anonymous Symbol]                       0x080032f8   Section        0  stm32f4xx_hal_tim.o(.text.TIM_Base_SetConfig)
    [Anonymous Symbol]                       0x0800341c   Section        0  stm32f4xx_hal_tim.o(.text.TIM_ETR_SetConfig)
    TIM_ITRx_SetConfig                       0x08003435   Thumb Code    16  stm32f4xx_hal_tim.o(.text.TIM_ITRx_SetConfig)
    [Anonymous Symbol]                       0x08003434   Section        0  stm32f4xx_hal_tim.o(.text.TIM_ITRx_SetConfig)
    TIM_TI1_ConfigInputStage                 0x08003445   Thumb Code    34  stm32f4xx_hal_tim.o(.text.TIM_TI1_ConfigInputStage)
    [Anonymous Symbol]                       0x08003444   Section        0  stm32f4xx_hal_tim.o(.text.TIM_TI1_ConfigInputStage)
    TIM_TI2_ConfigInputStage                 0x08003469   Thumb Code    36  stm32f4xx_hal_tim.o(.text.TIM_TI2_ConfigInputStage)
    [Anonymous Symbol]                       0x08003468   Section        0  stm32f4xx_hal_tim.o(.text.TIM_TI2_ConfigInputStage)
    UART_DMAAbortOnError                     0x0800348d   Thumb Code    16  stm32f4xx_hal_uart.o(.text.UART_DMAAbortOnError)
    [Anonymous Symbol]                       0x0800348c   Section        0  stm32f4xx_hal_uart.o(.text.UART_DMAAbortOnError)
    UART_EndRxTransfer                       0x0800349d   Thumb Code    26  stm32f4xx_hal_uart.o(.text.UART_EndRxTransfer)
    [Anonymous Symbol]                       0x0800349c   Section        0  stm32f4xx_hal_uart.o(.text.UART_EndRxTransfer)
    UART_EndTransmit_IT                      0x080034b9   Thumb Code    24  stm32f4xx_hal_uart.o(.text.UART_EndTransmit_IT)
    [Anonymous Symbol]                       0x080034b8   Section        0  stm32f4xx_hal_uart.o(.text.UART_EndTransmit_IT)
    UART_Receive_IT                          0x080034d1   Thumb Code   124  stm32f4xx_hal_uart.o(.text.UART_Receive_IT)
    [Anonymous Symbol]                       0x080034d0   Section        0  stm32f4xx_hal_uart.o(.text.UART_Receive_IT)
    UART_SetConfig                           0x0800354d   Thumb Code   364  stm32f4xx_hal_uart.o(.text.UART_SetConfig)
    [Anonymous Symbol]                       0x0800354c   Section        0  stm32f4xx_hal_uart.o(.text.UART_SetConfig)
    UART_Transmit_IT                         0x080036b9   Thumb Code    88  stm32f4xx_hal_uart.o(.text.UART_Transmit_IT)
    [Anonymous Symbol]                       0x080036b8   Section        0  stm32f4xx_hal_uart.o(.text.UART_Transmit_IT)
    UART_WaitOnFlagUntilTimeout              0x08003711   Thumb Code   100  stm32f4xx_hal_uart.o(.text.UART_WaitOnFlagUntilTimeout)
    [Anonymous Symbol]                       0x08003710   Section        0  stm32f4xx_hal_uart.o(.text.UART_WaitOnFlagUntilTimeout)
    [Anonymous Symbol]                       0x08003774   Section        0  stm32f4xx_it.o(.text.USART1_IRQHandler)
    [Anonymous Symbol]                       0x08003784   Section        0  stm32f4xx_it.o(.text.USART2_IRQHandler)
    [Anonymous Symbol]                       0x08003794   Section        0  usermain.o(.text.UpdateLCD)
    [Anonymous Symbol]                       0x08003880   Section        0  stm32f4xx_it.o(.text.UsageFault_Handler)
    [Anonymous Symbol]                       0x08003884   Section        0  usermain.o(.text.UserInit)
    [Anonymous Symbol]                       0x08003900   Section        0  usermain.o(.text.UserMain)
    __NVIC_EnableIRQ                         0x0800390d   Thumb Code    32  stm32f4xx_hal_cortex.o(.text.__NVIC_EnableIRQ)
    [Anonymous Symbol]                       0x0800390c   Section        0  stm32f4xx_hal_cortex.o(.text.__NVIC_EnableIRQ)
    __NVIC_GetPriorityGrouping               0x0800392d   Thumb Code    16  stm32f4xx_hal_cortex.o(.text.__NVIC_GetPriorityGrouping)
    [Anonymous Symbol]                       0x0800392c   Section        0  stm32f4xx_hal_cortex.o(.text.__NVIC_GetPriorityGrouping)
    __NVIC_SetPriority                       0x0800393d   Thumb Code    34  stm32f4xx_hal_cortex.o(.text.__NVIC_SetPriority)
    [Anonymous Symbol]                       0x0800393c   Section        0  stm32f4xx_hal_cortex.o(.text.__NVIC_SetPriority)
    __NVIC_SetPriorityGrouping               0x08003961   Thumb Code    32  stm32f4xx_hal_cortex.o(.text.__NVIC_SetPriorityGrouping)
    [Anonymous Symbol]                       0x08003960   Section        0  stm32f4xx_hal_cortex.o(.text.__NVIC_SetPriorityGrouping)
    [Anonymous Symbol]                       0x08003980   Section        0  main.o(.text.main)
    i.__0sprintf                             0x080039c8   Section        0  printfa.o(i.__0sprintf)
    i.__scatterload_copy                     0x080039f0   Section       14  handlers.o(i.__scatterload_copy)
    i.__scatterload_null                     0x080039fe   Section        2  handlers.o(i.__scatterload_null)
    i.__scatterload_zeroinit                 0x08003a00   Section       14  handlers.o(i.__scatterload_zeroinit)
    _fp_digits                               0x08003a11   Thumb Code   366  printfa.o(i._fp_digits)
    i._fp_digits                             0x08003a10   Section        0  printfa.o(i._fp_digits)
    _printf_core                             0x08003b95   Thumb Code  1744  printfa.o(i._printf_core)
    i._printf_core                           0x08003b94   Section        0  printfa.o(i._printf_core)
    _printf_post_padding                     0x08004271   Thumb Code    36  printfa.o(i._printf_post_padding)
    i._printf_post_padding                   0x08004270   Section        0  printfa.o(i._printf_post_padding)
    _printf_pre_padding                      0x08004295   Thumb Code    46  printfa.o(i._printf_pre_padding)
    i._printf_pre_padding                    0x08004294   Section        0  printfa.o(i._printf_pre_padding)
    _sputc                                   0x080042c3   Thumb Code    10  printfa.o(i._sputc)
    i._sputc                                 0x080042c2   Section        0  printfa.o(i._sputc)
    DataPacketTransfer.count                 0x20000046   Data           1  usermain.o(.bss.DataPacketTransfer.count)
    [Anonymous Symbol]                       0x20000046   Section        0  usermain.o(.bss.DataPacketTransfer.count)
    HAL_TIM_PeriodElapsedCallback.TempCount  0x20000048   Data           4  usermain.o(.bss.HAL_TIM_PeriodElapsedCallback.TempCount)
    [Anonymous Symbol]                       0x20000048   Section        0  usermain.o(.bss.HAL_TIM_PeriodElapsedCallback.TempCount)
    HAL_TIM_PeriodElapsedCallback.count      0x2000004c   Data           4  usermain.o(.bss.HAL_TIM_PeriodElapsedCallback.count)
    [Anonymous Symbol]                       0x2000004c   Section        0  usermain.o(.bss.HAL_TIM_PeriodElapsedCallback.count)
    LcdAppendList.AppendListNum              0x20000068   Data           4  gui.o(.bss.LcdAppendList.AppendListNum)
    [Anonymous Symbol]                       0x20000068   Section        0  gui.o(.bss.LcdAppendList.AppendListNum)
    LcdAppendList.ListGet                    0x2000006c   Data          60  gui.o(.bss.LcdAppendList.ListGet)
    [Anonymous Symbol]                       0x2000006c   Section        0  gui.o(.bss.LcdAppendList.ListGet)
    STACK                                    0x20000458   Section     4096  startup_stm32f407xx.o(STACK)

    Global Symbols

    Symbol Name                              Value     Ov Type        Size  Object(Section)

    BuildAttributes$$THM_ISAv4$E$P$D$K$B$S$7EM$VFPi3$EXTD16$VFPS$VFMA$PE$A:L22UL41UL21$X:L11$S22US41US21$IEEE1$IW$~IW$USESV6$~STKCKD$USESV7$~SHL$OTIME$ROPI$IEEEJ$EBA8$MICROLIB$REQ8$PRES8$EABIv2 0x00000000   Number         0  anon$$obj.o ABSOLUTE
    _printf_a                                0x00000000   Number         0  printfstubs.o ABSOLUTE
    _printf_c                                0x00000000   Number         0  printfstubs.o ABSOLUTE
    _printf_charcount                        0x00000000   Number         0  printfstubs.o ABSOLUTE
    _printf_d                                0x00000000   Number         0  printfstubs.o ABSOLUTE
    _printf_e                                0x00000000   Number         0  printfstubs.o ABSOLUTE
    _printf_f                                0x00000000   Number         0  printfstubs.o ABSOLUTE
    _printf_flags                            0x00000000   Number         0  printfstubs.o ABSOLUTE
    _printf_fp_dec                           0x00000000   Number         0  printfstubs.o ABSOLUTE
    _printf_fp_hex                           0x00000000   Number         0  printfstubs.o ABSOLUTE
    _printf_g                                0x00000000   Number         0  printfstubs.o ABSOLUTE
    _printf_i                                0x00000000   Number         0  printfstubs.o ABSOLUTE
    _printf_int_dec                          0x00000000   Number         0  printfstubs.o ABSOLUTE
    _printf_l                                0x00000000   Number         0  printfstubs.o ABSOLUTE
    _printf_lc                               0x00000000   Number         0  printfstubs.o ABSOLUTE
    _printf_ll                               0x00000000   Number         0  printfstubs.o ABSOLUTE
    _printf_lld                              0x00000000   Number         0  printfstubs.o ABSOLUTE
    _printf_lli                              0x00000000   Number         0  printfstubs.o ABSOLUTE
    _printf_llo                              0x00000000   Number         0  printfstubs.o ABSOLUTE
    _printf_llu                              0x00000000   Number         0  printfstubs.o ABSOLUTE
    _printf_llx                              0x00000000   Number         0  printfstubs.o ABSOLUTE
    _printf_longlong_dec                     0x00000000   Number         0  printfstubs.o ABSOLUTE
    _printf_longlong_hex                     0x00000000   Number         0  printfstubs.o ABSOLUTE
    _printf_longlong_oct                     0x00000000   Number         0  printfstubs.o ABSOLUTE
    _printf_ls                               0x00000000   Number         0  printfstubs.o ABSOLUTE
    _printf_mbtowc                           0x00000000   Number         0  printfstubs.o ABSOLUTE
    _printf_n                                0x00000000   Number         0  printfstubs.o ABSOLUTE
    _printf_o                                0x00000000   Number         0  printfstubs.o ABSOLUTE
    _printf_p                                0x00000000   Number         0  printfstubs.o ABSOLUTE
    _printf_percent                          0x00000000   Number         0  printfstubs.o ABSOLUTE
    _printf_pre_padding                      0x00000000   Number         0  printfstubs.o ABSOLUTE
    _printf_return_value                     0x00000000   Number         0  printfstubs.o ABSOLUTE
    _printf_s                                0x00000000   Number         0  printfstubs.o ABSOLUTE
    _printf_sizespec                         0x00000000   Number         0  printfstubs.o ABSOLUTE
    _printf_str                              0x00000000   Number         0  printfstubs.o ABSOLUTE
    _printf_truncate_signed                  0x00000000   Number         0  printfstubs.o ABSOLUTE
    _printf_truncate_unsigned                0x00000000   Number         0  printfstubs.o ABSOLUTE
    _printf_u                                0x00000000   Number         0  printfstubs.o ABSOLUTE
    _printf_wc                               0x00000000   Number         0  printfstubs.o ABSOLUTE
    _printf_wctomb                           0x00000000   Number         0  printfstubs.o ABSOLUTE
    _printf_widthprec                        0x00000000   Number         0  printfstubs.o ABSOLUTE
    _printf_x                                0x00000000   Number         0  printfstubs.o ABSOLUTE
    __cpp_initialize__aeabi_                  - Undefined Weak Reference
    __cxa_finalize                            - Undefined Weak Reference
    __decompress                              - Undefined Weak Reference
    _clock_init                               - Undefined Weak Reference
    _microlib_exit                            - Undefined Weak Reference
    __Vectors_Size                           0x00000188   Number         0  startup_stm32f407xx.o ABSOLUTE
    __Vectors                                0x08000000   Data           4  startup_stm32f407xx.o(RESET)
    __Vectors_End                            0x08000188   Data           0  startup_stm32f407xx.o(RESET)
    __main                                   0x08000189   Thumb Code     0  entry.o(.ARM.Collect$$$$00000000)
    _main_stk                                0x08000189   Thumb Code     0  entry2.o(.ARM.Collect$$$$00000001)
    _main_scatterload                        0x0800018d   Thumb Code     0  entry5.o(.ARM.Collect$$$$00000004)
    __main_after_scatterload                 0x08000191   Thumb Code     0  entry5.o(.ARM.Collect$$$$00000004)
    _main_clock                              0x08000191   Thumb Code     0  entry7b.o(.ARM.Collect$$$$00000008)
    _main_cpp_init                           0x08000191   Thumb Code     0  entry8b.o(.ARM.Collect$$$$0000000A)
    _main_init                               0x08000191   Thumb Code     0  entry9a.o(.ARM.Collect$$$$0000000B)
    __rt_final_cpp                           0x08000199   Thumb Code     0  entry10a.o(.ARM.Collect$$$$0000000D)
    __rt_final_exit                          0x08000199   Thumb Code     0  entry11a.o(.ARM.Collect$$$$0000000F)
    Reset_Handler                            0x0800019d   Thumb Code     8  startup_stm32f407xx.o(.text)
    ADC_IRQHandler                           0x080001b7   Thumb Code     0  startup_stm32f407xx.o(.text)
    CAN1_RX0_IRQHandler                      0x080001b7   Thumb Code     0  startup_stm32f407xx.o(.text)
    CAN1_RX1_IRQHandler                      0x080001b7   Thumb Code     0  startup_stm32f407xx.o(.text)
    CAN1_SCE_IRQHandler                      0x080001b7   Thumb Code     0  startup_stm32f407xx.o(.text)
    CAN1_TX_IRQHandler                       0x080001b7   Thumb Code     0  startup_stm32f407xx.o(.text)
    CAN2_RX0_IRQHandler                      0x080001b7   Thumb Code     0  startup_stm32f407xx.o(.text)
    CAN2_RX1_IRQHandler                      0x080001b7   Thumb Code     0  startup_stm32f407xx.o(.text)
    CAN2_SCE_IRQHandler                      0x080001b7   Thumb Code     0  startup_stm32f407xx.o(.text)
    CAN2_TX_IRQHandler                       0x080001b7   Thumb Code     0  startup_stm32f407xx.o(.text)
    DCMI_IRQHandler                          0x080001b7   Thumb Code     0  startup_stm32f407xx.o(.text)
    DMA1_Stream0_IRQHandler                  0x080001b7   Thumb Code     0  startup_stm32f407xx.o(.text)
    DMA1_Stream1_IRQHandler                  0x080001b7   Thumb Code     0  startup_stm32f407xx.o(.text)
    DMA1_Stream2_IRQHandler                  0x080001b7   Thumb Code     0  startup_stm32f407xx.o(.text)
    DMA1_Stream3_IRQHandler                  0x080001b7   Thumb Code     0  startup_stm32f407xx.o(.text)
    DMA1_Stream4_IRQHandler                  0x080001b7   Thumb Code     0  startup_stm32f407xx.o(.text)
    DMA1_Stream5_IRQHandler                  0x080001b7   Thumb Code     0  startup_stm32f407xx.o(.text)
    DMA1_Stream6_IRQHandler                  0x080001b7   Thumb Code     0  startup_stm32f407xx.o(.text)
    DMA1_Stream7_IRQHandler                  0x080001b7   Thumb Code     0  startup_stm32f407xx.o(.text)
    DMA2_Stream0_IRQHandler                  0x080001b7   Thumb Code     0  startup_stm32f407xx.o(.text)
    DMA2_Stream1_IRQHandler                  0x080001b7   Thumb Code     0  startup_stm32f407xx.o(.text)
    DMA2_Stream2_IRQHandler                  0x080001b7   Thumb Code     0  startup_stm32f407xx.o(.text)
    DMA2_Stream3_IRQHandler                  0x080001b7   Thumb Code     0  startup_stm32f407xx.o(.text)
    DMA2_Stream4_IRQHandler                  0x080001b7   Thumb Code     0  startup_stm32f407xx.o(.text)
    DMA2_Stream5_IRQHandler                  0x080001b7   Thumb Code     0  startup_stm32f407xx.o(.text)
    DMA2_Stream6_IRQHandler                  0x080001b7   Thumb Code     0  startup_stm32f407xx.o(.text)
    DMA2_Stream7_IRQHandler                  0x080001b7   Thumb Code     0  startup_stm32f407xx.o(.text)
    ETH_IRQHandler                           0x080001b7   Thumb Code     0  startup_stm32f407xx.o(.text)
    ETH_WKUP_IRQHandler                      0x080001b7   Thumb Code     0  startup_stm32f407xx.o(.text)
    EXTI0_IRQHandler                         0x080001b7   Thumb Code     0  startup_stm32f407xx.o(.text)
    EXTI15_10_IRQHandler                     0x080001b7   Thumb Code     0  startup_stm32f407xx.o(.text)
    EXTI1_IRQHandler                         0x080001b7   Thumb Code     0  startup_stm32f407xx.o(.text)
    EXTI2_IRQHandler                         0x080001b7   Thumb Code     0  startup_stm32f407xx.o(.text)
    EXTI3_IRQHandler                         0x080001b7   Thumb Code     0  startup_stm32f407xx.o(.text)
    EXTI4_IRQHandler                         0x080001b7   Thumb Code     0  startup_stm32f407xx.o(.text)
    EXTI9_5_IRQHandler                       0x080001b7   Thumb Code     0  startup_stm32f407xx.o(.text)
    FLASH_IRQHandler                         0x080001b7   Thumb Code     0  startup_stm32f407xx.o(.text)
    FMC_IRQHandler                           0x080001b7   Thumb Code     0  startup_stm32f407xx.o(.text)
    FPU_IRQHandler                           0x080001b7   Thumb Code     0  startup_stm32f407xx.o(.text)
    HASH_RNG_IRQHandler                      0x080001b7   Thumb Code     0  startup_stm32f407xx.o(.text)
    I2C1_ER_IRQHandler                       0x080001b7   Thumb Code     0  startup_stm32f407xx.o(.text)
    I2C1_EV_IRQHandler                       0x080001b7   Thumb Code     0  startup_stm32f407xx.o(.text)
    I2C2_ER_IRQHandler                       0x080001b7   Thumb Code     0  startup_stm32f407xx.o(.text)
    I2C2_EV_IRQHandler                       0x080001b7   Thumb Code     0  startup_stm32f407xx.o(.text)
    I2C3_ER_IRQHandler                       0x080001b7   Thumb Code     0  startup_stm32f407xx.o(.text)
    I2C3_EV_IRQHandler                       0x080001b7   Thumb Code     0  startup_stm32f407xx.o(.text)
    OTG_FS_IRQHandler                        0x080001b7   Thumb Code     0  startup_stm32f407xx.o(.text)
    OTG_FS_WKUP_IRQHandler                   0x080001b7   Thumb Code     0  startup_stm32f407xx.o(.text)
    OTG_HS_EP1_IN_IRQHandler                 0x080001b7   Thumb Code     0  startup_stm32f407xx.o(.text)
    OTG_HS_EP1_OUT_IRQHandler                0x080001b7   Thumb Code     0  startup_stm32f407xx.o(.text)
    OTG_HS_IRQHandler                        0x080001b7   Thumb Code     0  startup_stm32f407xx.o(.text)
    OTG_HS_WKUP_IRQHandler                   0x080001b7   Thumb Code     0  startup_stm32f407xx.o(.text)
    PVD_IRQHandler                           0x080001b7   Thumb Code     0  startup_stm32f407xx.o(.text)
    RCC_IRQHandler                           0x080001b7   Thumb Code     0  startup_stm32f407xx.o(.text)
    RTC_Alarm_IRQHandler                     0x080001b7   Thumb Code     0  startup_stm32f407xx.o(.text)
    RTC_WKUP_IRQHandler                      0x080001b7   Thumb Code     0  startup_stm32f407xx.o(.text)
    SDIO_IRQHandler                          0x080001b7   Thumb Code     0  startup_stm32f407xx.o(.text)
    SPI1_IRQHandler                          0x080001b7   Thumb Code     0  startup_stm32f407xx.o(.text)
    SPI2_IRQHandler                          0x080001b7   Thumb Code     0  startup_stm32f407xx.o(.text)
    SPI3_IRQHandler                          0x080001b7   Thumb Code     0  startup_stm32f407xx.o(.text)
    TAMP_STAMP_IRQHandler                    0x080001b7   Thumb Code     0  startup_stm32f407xx.o(.text)
    TIM1_BRK_TIM9_IRQHandler                 0x080001b7   Thumb Code     0  startup_stm32f407xx.o(.text)
    TIM1_CC_IRQHandler                       0x080001b7   Thumb Code     0  startup_stm32f407xx.o(.text)
    TIM1_TRG_COM_TIM11_IRQHandler            0x080001b7   Thumb Code     0  startup_stm32f407xx.o(.text)
    TIM1_UP_TIM10_IRQHandler                 0x080001b7   Thumb Code     0  startup_stm32f407xx.o(.text)
    TIM3_IRQHandler                          0x080001b7   Thumb Code     0  startup_stm32f407xx.o(.text)
    TIM4_IRQHandler                          0x080001b7   Thumb Code     0  startup_stm32f407xx.o(.text)
    TIM5_IRQHandler                          0x080001b7   Thumb Code     0  startup_stm32f407xx.o(.text)
    TIM6_DAC_IRQHandler                      0x080001b7   Thumb Code     0  startup_stm32f407xx.o(.text)
    TIM7_IRQHandler                          0x080001b7   Thumb Code     0  startup_stm32f407xx.o(.text)
    TIM8_BRK_TIM12_IRQHandler                0x080001b7   Thumb Code     0  startup_stm32f407xx.o(.text)
    TIM8_CC_IRQHandler                       0x080001b7   Thumb Code     0  startup_stm32f407xx.o(.text)
    TIM8_TRG_COM_TIM14_IRQHandler            0x080001b7   Thumb Code     0  startup_stm32f407xx.o(.text)
    TIM8_UP_TIM13_IRQHandler                 0x080001b7   Thumb Code     0  startup_stm32f407xx.o(.text)
    UART4_IRQHandler                         0x080001b7   Thumb Code     0  startup_stm32f407xx.o(.text)
    UART5_IRQHandler                         0x080001b7   Thumb Code     0  startup_stm32f407xx.o(.text)
    USART3_IRQHandler                        0x080001b7   Thumb Code     0  startup_stm32f407xx.o(.text)
    USART6_IRQHandler                        0x080001b7   Thumb Code     0  startup_stm32f407xx.o(.text)
    WWDG_IRQHandler                          0x080001b7   Thumb Code     0  startup_stm32f407xx.o(.text)
    __aeabi_uldivmod                         0x080001c1   Thumb Code    98  uldiv.o(.text)
    __aeabi_memset                           0x08000223   Thumb Code    14  memseta.o(.text)
    __aeabi_memset4                          0x08000223   Thumb Code     0  memseta.o(.text)
    __aeabi_memset8                          0x08000223   Thumb Code     0  memseta.o(.text)
    __aeabi_memclr                           0x08000231   Thumb Code     4  memseta.o(.text)
    __aeabi_memclr4                          0x08000231   Thumb Code     0  memseta.o(.text)
    __aeabi_memclr8                          0x08000231   Thumb Code     0  memseta.o(.text)
    _memset$wrapper                          0x08000235   Thumb Code    18  memseta.o(.text)
    __aeabi_dadd                             0x08000247   Thumb Code   322  dadd.o(.text)
    __aeabi_dsub                             0x08000389   Thumb Code     6  dadd.o(.text)
    __aeabi_drsub                            0x0800038f   Thumb Code     6  dadd.o(.text)
    __aeabi_dmul                             0x08000395   Thumb Code   228  dmul.o(.text)
    __aeabi_ddiv                             0x08000479   Thumb Code   222  ddiv.o(.text)
    __aeabi_f2d                              0x08000557   Thumb Code    38  f2d.o(.text)
    __aeabi_d2f                              0x0800057d   Thumb Code    56  d2f.o(.text)
    __aeabi_uidiv                            0x080005b5   Thumb Code     0  uidiv.o(.text)
    __aeabi_uidivmod                         0x080005b5   Thumb Code    44  uidiv.o(.text)
    __aeabi_llsl                             0x080005e1   Thumb Code    30  llshl.o(.text)
    _ll_shift_l                              0x080005e1   Thumb Code     0  llshl.o(.text)
    __aeabi_llsr                             0x080005ff   Thumb Code    32  llushr.o(.text)
    _ll_ushift_r                             0x080005ff   Thumb Code     0  llushr.o(.text)
    __aeabi_lasr                             0x0800061f   Thumb Code    36  llsshr.o(.text)
    _ll_sshift_r                             0x0800061f   Thumb Code     0  llsshr.o(.text)
    __I$use$fp                               0x08000643   Thumb Code     0  iusefp.o(.text)
    _float_round                             0x08000643   Thumb Code    18  fepilogue.o(.text)
    _float_epilogue                          0x08000655   Thumb Code    92  fepilogue.o(.text)
    _double_round                            0x080006b1   Thumb Code    30  depilogue.o(.text)
    _double_epilogue                         0x080006cf   Thumb Code   156  depilogue.o(.text)
    __aeabi_d2ulz                            0x0800076b   Thumb Code    48  dfixul.o(.text)
    __aeabi_cdrcmple                         0x0800079d   Thumb Code    48  cdrcmple.o(.text)
    __scatterload                            0x080007cd   Thumb Code    28  init.o(.text)
    __scatterload_rt2                        0x080007cd   Thumb Code     0  init.o(.text)
    BusFault_Handler                         0x080008f9   Thumb Code     2  stm32f4xx_it.o(.text.BusFault_Handler)
    DataPacketTransfer                       0x080008fd   Thumb Code    96  usermain.o(.text.DataPacketTransfer)
    DebugMon_Handler                         0x0800095d   Thumb Code     2  stm32f4xx_it.o(.text.DebugMon_Handler)
    Error_Handler                            0x08000961   Thumb Code     2  main.o(.text.Error_Handler)
    Gui_DrawFont_GBK16                       0x08000965   Thumb Code   400  gui.o(.text.Gui_DrawFont_GBK16)
    Gui_DrawPoint                            0x08000af5   Thumb Code    16  lcd.o(.text.Gui_DrawPoint)
    HAL_ADC_ConfigChannel                    0x08000b05   Thumb Code   262  stm32f4xx_hal_adc.o(.text.HAL_ADC_ConfigChannel)
    HAL_ADC_GetState                         0x08000c0d   Thumb Code     4  stm32f4xx_hal_adc.o(.text.HAL_ADC_GetState)
    HAL_ADC_GetValue                         0x08000c11   Thumb Code     6  stm32f4xx_hal_adc.o(.text.HAL_ADC_GetValue)
    HAL_ADC_Init                             0x08000c19   Thumb Code    78  stm32f4xx_hal_adc.o(.text.HAL_ADC_Init)
    HAL_ADC_MspInit                          0x08000c69   Thumb Code   106  adc.o(.text.HAL_ADC_MspInit)
    HAL_ADC_PollForConversion                0x08000cd5   Thumb Code   180  stm32f4xx_hal_adc.o(.text.HAL_ADC_PollForConversion)
    HAL_ADC_Start                            0x08000d89   Thumb Code   260  stm32f4xx_hal_adc.o(.text.HAL_ADC_Start)
    HAL_DMA_Abort_IT                         0x08000e8d   Thumb Code    36  stm32f4xx_hal_dma.o(.text.HAL_DMA_Abort_IT)
    HAL_Delay                                0x08000eb1   Thumb Code    40  stm32f4xx_hal.o(.text.HAL_Delay)
    HAL_GPIO_Init                            0x08000ed9   Thumb Code   404  stm32f4xx_hal_gpio.o(.text.HAL_GPIO_Init)
    HAL_GPIO_TogglePin                       0x0800106d   Thumb Code    14  stm32f4xx_hal_gpio.o(.text.HAL_GPIO_TogglePin)
    HAL_GPIO_WritePin                        0x0800107d   Thumb Code    10  stm32f4xx_hal_gpio.o(.text.HAL_GPIO_WritePin)
    HAL_GetTick                              0x08001089   Thumb Code    12  stm32f4xx_hal.o(.text.HAL_GetTick)
    HAL_I2C_Init                             0x08001095   Thumb Code   398  stm32f4xx_hal_i2c.o(.text.HAL_I2C_Init)
    HAL_I2C_MspInit                          0x08001225   Thumb Code   378  i2c.o(.text.HAL_I2C_MspInit)
    HAL_IncTick                              0x080013a1   Thumb Code    26  stm32f4xx_hal.o(.text.HAL_IncTick)
    HAL_Init                                 0x080013bd   Thumb Code    54  stm32f4xx_hal.o(.text.HAL_Init)
    HAL_InitTick                             0x080013f5   Thumb Code    80  stm32f4xx_hal.o(.text.HAL_InitTick)
    HAL_MspInit                              0x08001445   Thumb Code    56  stm32f4xx_hal_msp.o(.text.HAL_MspInit)
    HAL_NVIC_EnableIRQ                       0x0800147d   Thumb Code     8  stm32f4xx_hal_cortex.o(.text.HAL_NVIC_EnableIRQ)
    HAL_NVIC_SetPriority                     0x08001485   Thumb Code    30  stm32f4xx_hal_cortex.o(.text.HAL_NVIC_SetPriority)
    HAL_NVIC_SetPriorityGrouping             0x080014a5   Thumb Code     8  stm32f4xx_hal_cortex.o(.text.HAL_NVIC_SetPriorityGrouping)
    HAL_RCC_ClockConfig                      0x080014ad   Thumb Code   352  stm32f4xx_hal_rcc.o(.text.HAL_RCC_ClockConfig)
    HAL_RCC_GetHCLKFreq                      0x0800160d   Thumb Code    12  stm32f4xx_hal_rcc.o(.text.HAL_RCC_GetHCLKFreq)
    HAL_RCC_GetPCLK1Freq                     0x08001619   Thumb Code    34  stm32f4xx_hal_rcc.o(.text.HAL_RCC_GetPCLK1Freq)
    HAL_RCC_GetPCLK2Freq                     0x0800163d   Thumb Code    34  stm32f4xx_hal_rcc.o(.text.HAL_RCC_GetPCLK2Freq)
    HAL_RCC_GetSysClockFreq                  0x08001661   Thumb Code   104  stm32f4xx_hal_rcc.o(.text.HAL_RCC_GetSysClockFreq)
    HAL_RCC_OscConfig                        0x080016c9   Thumb Code   820  stm32f4xx_hal_rcc.o(.text.HAL_RCC_OscConfig)
    HAL_SPI_Init                             0x080019fd   Thumb Code   116  stm32f4xx_hal_spi.o(.text.HAL_SPI_Init)
    HAL_SPI_MspInit                          0x08001a71   Thumb Code   194  spi.o(.text.HAL_SPI_MspInit)
    HAL_SPI_Transmit                         0x08001b35   Thumb Code   372  stm32f4xx_hal_spi.o(.text.HAL_SPI_Transmit)
    HAL_SYSTICK_Config                       0x08001ca9   Thumb Code     8  stm32f4xx_hal_cortex.o(.text.HAL_SYSTICK_Config)
    HAL_TIMEx_BreakCallback                  0x08001cb1   Thumb Code     2  stm32f4xx_hal_tim_ex.o(.text.HAL_TIMEx_BreakCallback)
    HAL_TIMEx_CommutCallback                 0x08001cb5   Thumb Code     2  stm32f4xx_hal_tim_ex.o(.text.HAL_TIMEx_CommutCallback)
    HAL_TIMEx_MasterConfigSynchronization    0x08001cb9   Thumb Code   184  stm32f4xx_hal_tim_ex.o(.text.HAL_TIMEx_MasterConfigSynchronization)
    HAL_TIM_Base_Init                        0x08001d71   Thumb Code    54  stm32f4xx_hal_tim.o(.text.HAL_TIM_Base_Init)
    HAL_TIM_Base_MspInit                     0x08001da9   Thumb Code    66  tim.o(.text.HAL_TIM_Base_MspInit)
    HAL_TIM_Base_Start_IT                    0x08001ded   Thumb Code    32  stm32f4xx_hal_tim.o(.text.HAL_TIM_Base_Start_IT)
    HAL_TIM_ConfigClockSource                0x08001e0d   Thumb Code   208  stm32f4xx_hal_tim.o(.text.HAL_TIM_ConfigClockSource)
    HAL_TIM_IC_CaptureCallback               0x08001edd   Thumb Code     2  stm32f4xx_hal_tim.o(.text.HAL_TIM_IC_CaptureCallback)
    HAL_TIM_IRQHandler                       0x08001ee1   Thumb Code   362  stm32f4xx_hal_tim.o(.text.HAL_TIM_IRQHandler)
    HAL_TIM_OC_DelayElapsedCallback          0x0800204d   Thumb Code     2  stm32f4xx_hal_tim.o(.text.HAL_TIM_OC_DelayElapsedCallback)
    HAL_TIM_PWM_PulseFinishedCallback        0x08002051   Thumb Code     2  stm32f4xx_hal_tim.o(.text.HAL_TIM_PWM_PulseFinishedCallback)
    HAL_TIM_PeriodElapsedCallback            0x08002055   Thumb Code    90  usermain.o(.text.HAL_TIM_PeriodElapsedCallback)
    HAL_TIM_TriggerCallback                  0x080020b1   Thumb Code     2  stm32f4xx_hal_tim.o(.text.HAL_TIM_TriggerCallback)
    HAL_UART_ErrorCallback                   0x080020b5   Thumb Code     2  stm32f4xx_hal_uart.o(.text.HAL_UART_ErrorCallback)
    HAL_UART_IRQHandler                      0x080020b9   Thumb Code   276  stm32f4xx_hal_uart.o(.text.HAL_UART_IRQHandler)
    HAL_UART_Init                            0x080021cd   Thumb Code    94  stm32f4xx_hal_uart.o(.text.HAL_UART_Init)
    HAL_UART_MspInit                         0x0800222d   Thumb Code   556  usart.o(.text.HAL_UART_MspInit)
    HAL_UART_Receive_IT                      0x08002459   Thumb Code    84  stm32f4xx_hal_uart.o(.text.HAL_UART_Receive_IT)
    HAL_UART_RxCpltCallback                  0x080024ad   Thumb Code   226  usermain.o(.text.HAL_UART_RxCpltCallback)
    HAL_UART_Transmit                        0x08002591   Thumb Code   194  stm32f4xx_hal_uart.o(.text.HAL_UART_Transmit)
    HAL_UART_TxCpltCallback                  0x08002655   Thumb Code     2  stm32f4xx_hal_uart.o(.text.HAL_UART_TxCpltCallback)
    HardFault_Handler                        0x08002659   Thumb Code     2  stm32f4xx_it.o(.text.HardFault_Handler)
    HeartDataProcess                         0x0800265d   Thumb Code    60  usermain.o(.text.HeartDataProcess)
    LCD_SPI_Init                             0x08002699   Thumb Code    56  lcd.o(.text.LCD_SPI_Init)
    LMT70_GetContactTemperature              0x080026d1   Thumb Code   232  lmt70.o(.text.LMT70_GetContactTemperature)
    LcdAppendList                            0x080027b9   Thumb Code   132  gui.o(.text.LcdAppendList)
    Lcd_Clear                                0x0800283d   Thumb Code    54  lcd.o(.text.Lcd_Clear)
    Lcd_Init                                 0x08002875   Thumb Code   516  lcd.o(.text.Lcd_Init)
    Lcd_Reset                                0x08002a79   Thumb Code    44  lcd.o(.text.Lcd_Reset)
    Lcd_SetRegion                            0x08002aa5   Thumb Code    58  lcd.o(.text.Lcd_SetRegion)
    Lcd_SetXY                                0x08002ae1   Thumb Code    38  lcd.o(.text.Lcd_SetXY)
    Lcd_WriteData                            0x08002b09   Thumb Code    50  lcd.o(.text.Lcd_WriteData)
    Lcd_WriteData_16Bit                      0x08002b3d   Thumb Code    18  lcd.o(.text.Lcd_WriteData_16Bit)
    Lcd_WriteIndex                           0x08002b51   Thumb Code    50  lcd.o(.text.Lcd_WriteIndex)
    MX_ADC1_Init                             0x08002b85   Thumb Code   112  adc.o(.text.MX_ADC1_Init)
    MX_GPIO_Init                             0x08002bf5   Thumb Code   396  gpio.o(.text.MX_GPIO_Init)
    MX_I2C1_Init                             0x08002d81   Thumb Code    62  i2c.o(.text.MX_I2C1_Init)
    MX_I2C2_Init                             0x08002dc1   Thumb Code    62  i2c.o(.text.MX_I2C2_Init)
    MX_I2C3_Init                             0x08002e01   Thumb Code    62  i2c.o(.text.MX_I2C3_Init)
    MX_SPI1_Init                             0x08002e41   Thumb Code    76  spi.o(.text.MX_SPI1_Init)
    MX_SPI2_Init                             0x08002e8d   Thumb Code    72  spi.o(.text.MX_SPI2_Init)
    MX_TIM2_Init                             0x08002ed5   Thumb Code   122  tim.o(.text.MX_TIM2_Init)
    MX_UART4_Init                            0x08002f51   Thumb Code    56  usart.o(.text.MX_UART4_Init)
    MX_USART1_UART_Init                      0x08002f89   Thumb Code    56  usart.o(.text.MX_USART1_UART_Init)
    MX_USART2_UART_Init                      0x08002fc1   Thumb Code    56  usart.o(.text.MX_USART2_UART_Init)
    MX_USART3_UART_Init                      0x08002ff9   Thumb Code    56  usart.o(.text.MX_USART3_UART_Init)
    MX_USART6_UART_Init                      0x08003031   Thumb Code    56  usart.o(.text.MX_USART6_UART_Init)
    MemManage_Handler                        0x08003069   Thumb Code     2  stm32f4xx_it.o(.text.MemManage_Handler)
    NMI_Handler                              0x0800306d   Thumb Code     2  stm32f4xx_it.o(.text.NMI_Handler)
    PendSV_Handler                           0x0800309d   Thumb Code     2  stm32f4xx_it.o(.text.PendSV_Handler)
    SPI_WriteByte                            0x08003199   Thumb Code    32  lcd.o(.text.SPI_WriteByte)
    SVC_Handler                              0x080031b9   Thumb Code     2  stm32f4xx_it.o(.text.SVC_Handler)
    StepDataProcess                          0x080031bd   Thumb Code    60  usermain.o(.text.StepDataProcess)
    SysTick_Handler                          0x08003229   Thumb Code     8  stm32f4xx_it.o(.text.SysTick_Handler)
    SystemClock_Config                       0x08003231   Thumb Code   156  main.o(.text.SystemClock_Config)
    SystemInit                               0x080032cd   Thumb Code    26  system_stm32f4xx.o(.text.SystemInit)
    TIM2_IRQHandler                          0x080032e9   Thumb Code    16  stm32f4xx_it.o(.text.TIM2_IRQHandler)
    TIM_Base_SetConfig                       0x080032f9   Thumb Code   292  stm32f4xx_hal_tim.o(.text.TIM_Base_SetConfig)
    TIM_ETR_SetConfig                        0x0800341d   Thumb Code    22  stm32f4xx_hal_tim.o(.text.TIM_ETR_SetConfig)
    USART1_IRQHandler                        0x08003775   Thumb Code    16  stm32f4xx_it.o(.text.USART1_IRQHandler)
    USART2_IRQHandler                        0x08003785   Thumb Code    16  stm32f4xx_it.o(.text.USART2_IRQHandler)
    UpdateLCD                                0x08003795   Thumb Code   236  usermain.o(.text.UpdateLCD)
    UsageFault_Handler                       0x08003881   Thumb Code     2  stm32f4xx_it.o(.text.UsageFault_Handler)
    UserInit                                 0x08003885   Thumb Code   122  usermain.o(.text.UserInit)
    UserMain                                 0x08003901   Thumb Code    12  usermain.o(.text.UserMain)
    main                                     0x08003981   Thumb Code    70  main.o(.text.main)
    __0sprintf                               0x080039c9   Thumb Code    34  printfa.o(i.__0sprintf)
    __1sprintf                               0x080039c9   Thumb Code     0  printfa.o(i.__0sprintf)
    __2sprintf                               0x080039c9   Thumb Code     0  printfa.o(i.__0sprintf)
    __c89sprintf                             0x080039c9   Thumb Code     0  printfa.o(i.__0sprintf)
    sprintf                                  0x080039c9   Thumb Code     0  printfa.o(i.__0sprintf)
    __scatterload_copy                       0x080039f1   Thumb Code    14  handlers.o(i.__scatterload_copy)
    __scatterload_null                       0x080039ff   Thumb Code     2  handlers.o(i.__scatterload_null)
    __scatterload_zeroinit                   0x08003a01   Thumb Code    14  handlers.o(i.__scatterload_zeroinit)
    AHBPrescTable                            0x080042cc   Data          16  system_stm32f4xx.o(.rodata.AHBPrescTable)
    APBPrescTable                            0x080042dc   Data           8  system_stm32f4xx.o(.rodata.APBPrescTable)
    asc16                                    0x080042e4   Data        1521  gui.o(.rodata.asc16)
    hz16                                     0x080048d5   Data          34  gui.o(.rodata.hz16)
    Region$$Table$$Base                      0x080048f8   Number         0  anon$$obj.o(Region$$Table)
    Region$$Table$$Limit                     0x08004918   Number         0  anon$$obj.o(Region$$Table)
    StrInit                                  0x20000000   Data          27  usermain.o(.data.StrInit)
    SystemCoreClock                          0x2000001c   Data           4  system_stm32f4xx.o(.data.SystemCoreClock)
    uwTickFreq                               0x20000020   Data           1  stm32f4xx_hal.o(.data.uwTickFreq)
    uwTickPrio                               0x20000024   Data           4  stm32f4xx_hal.o(.data.uwTickPrio)
    AllDataFlag                              0x20000028   Data           4  usermain.o(.bss.AllDataFlag)
    ContactTemperature                       0x2000002c   Data           4  usermain.o(.bss.ContactTemperature)
    DataPacket                               0x20000030   Data          22  usermain.o(.bss.DataPacket)
    HeartBuffer                              0x20000050   Data          15  usermain.o(.bss.HeartBuffer)
    HeartCount                               0x2000005f   Data           1  usermain.o(.bss.HeartCount)
    HeartReceiveFlag                         0x20000060   Data           4  usermain.o(.bss.HeartReceiveFlag)
    HeartReceiveNum                          0x20000064   Data           1  usermain.o(.bss.HeartReceiveNum)
    StepBuffer                               0x200000a8   Data           5  usermain.o(.bss.StepBuffer)
    StepCount                                0x200000ae   Data           2  usermain.o(.bss.StepCount)
    StepReceiveFlag                          0x200000b0   Data           4  usermain.o(.bss.StepReceiveFlag)
    StepReceiveNum                           0x200000b4   Data           1  usermain.o(.bss.StepReceiveNum)
    buffer                                   0x200000b8   Data          33  usermain.o(.bss.buffer)
    hadc1                                    0x200000dc   Data          72  adc.o(.bss.hadc1)
    hi2c1                                    0x20000124   Data          84  i2c.o(.bss.hi2c1)
    hi2c2                                    0x20000178   Data          84  i2c.o(.bss.hi2c2)
    hi2c3                                    0x200001cc   Data          84  i2c.o(.bss.hi2c3)
    hspi1                                    0x20000220   Data          88  spi.o(.bss.hspi1)
    hspi2                                    0x20000278   Data          88  spi.o(.bss.hspi2)
    htim2                                    0x200002d0   Data          64  tim.o(.bss.htim2)
    huart1                                   0x20000310   Data          64  usart.o(.bss.huart1)
    huart2                                   0x20000350   Data          64  usart.o(.bss.huart2)
    huart3                                   0x20000390   Data          64  usart.o(.bss.huart3)
    huart4                                   0x200003d0   Data          64  usart.o(.bss.huart4)
    huart6                                   0x20000410   Data          64  usart.o(.bss.huart6)
    length                                   0x20000450   Data           1  usermain.o(.bss.length)
    uwTick                                   0x20000454   Data           4  stm32f4xx_hal.o(.bss.uwTick)
    __initial_sp                             0x20001458   Data           0  startup_stm32f407xx.o(STACK)



==============================================================================

Memory Map of the image

  Image Entry point : 0x08000189

  Load Region LR_IROM1 (Base: 0x08000000, Size: 0x00004940, Max: 0x00100000, ABSOLUTE)

    Execution Region ER_IROM1 (Exec base: 0x08000000, Load base: 0x08000000, Size: 0x00004918, Max: 0x00100000, ABSOLUTE)

    Exec Addr    Load Addr    Size         Type   Attr      Idx    E Section Name        Object

    0x08000000   0x08000000   0x00000188   Data   RO            3    RESET               startup_stm32f407xx.o
    0x08000188   0x08000188   0x00000000   Code   RO         2065  * .ARM.Collect$$$$00000000  mc_w.l(entry.o)
    0x08000188   0x08000188   0x00000004   Code   RO         2357    .ARM.Collect$$$$00000001  mc_w.l(entry2.o)
    0x0800018c   0x0800018c   0x00000004   Code   RO         2360    .ARM.Collect$$$$00000004  mc_w.l(entry5.o)
    0x08000190   0x08000190   0x00000000   Code   RO         2362    .ARM.Collect$$$$00000008  mc_w.l(entry7b.o)
    0x08000190   0x08000190   0x00000000   Code   RO         2364    .ARM.Collect$$$$0000000A  mc_w.l(entry8b.o)
    0x08000190   0x08000190   0x00000008   Code   RO         2365    .ARM.Collect$$$$0000000B  mc_w.l(entry9a.o)
    0x08000198   0x08000198   0x00000000   Code   RO         2367    .ARM.Collect$$$$0000000D  mc_w.l(entry10a.o)
    0x08000198   0x08000198   0x00000000   Code   RO         2369    .ARM.Collect$$$$0000000F  mc_w.l(entry11a.o)
    0x08000198   0x08000198   0x00000004   Code   RO         2358    .ARM.Collect$$$$00002712  mc_w.l(entry2.o)
    0x0800019c   0x0800019c   0x00000024   Code   RO            4    .text               startup_stm32f407xx.o
    0x080001c0   0x080001c0   0x00000062   Code   RO         2068    .text               mc_w.l(uldiv.o)
    0x08000222   0x08000222   0x00000024   Code   RO         2072    .text               mc_w.l(memseta.o)
    0x08000246   0x08000246   0x0000014e   Code   RO         2337    .text               mf_w.l(dadd.o)
    0x08000394   0x08000394   0x000000e4   Code   RO         2339    .text               mf_w.l(dmul.o)
    0x08000478   0x08000478   0x000000de   Code   RO         2341    .text               mf_w.l(ddiv.o)
    0x08000556   0x08000556   0x00000026   Code   RO         2353    .text               mf_w.l(f2d.o)
    0x0800057c   0x0800057c   0x00000038   Code   RO         2355    .text               mf_w.l(d2f.o)
    0x080005b4   0x080005b4   0x0000002c   Code   RO         2372    .text               mc_w.l(uidiv.o)
    0x080005e0   0x080005e0   0x0000001e   Code   RO         2374    .text               mc_w.l(llshl.o)
    0x080005fe   0x080005fe   0x00000020   Code   RO         2376    .text               mc_w.l(llushr.o)
    0x0800061e   0x0800061e   0x00000024   Code   RO         2378    .text               mc_w.l(llsshr.o)
    0x08000642   0x08000642   0x00000000   Code   RO         2380    .text               mc_w.l(iusefp.o)
    0x08000642   0x08000642   0x0000006e   Code   RO         2381    .text               mf_w.l(fepilogue.o)
    0x080006b0   0x080006b0   0x000000ba   Code   RO         2383    .text               mf_w.l(depilogue.o)
    0x0800076a   0x0800076a   0x00000030   Code   RO         2387    .text               mf_w.l(dfixul.o)
    0x0800079a   0x0800079a   0x00000002   PAD
    0x0800079c   0x0800079c   0x00000030   Code   RO         2391    .text               mf_w.l(cdrcmple.o)
    0x080007cc   0x080007cc   0x00000024   Code   RO         2393    .text               mc_w.l(init.o)
    0x080007f0   0x080007f0   0x00000108   Code   RO          173    .text.ADC_Init      stm32f4xx_hal_adc.o
    0x080008f8   0x080008f8   0x00000002   Code   RO          136    .text.BusFault_Handler  stm32f4xx_it.o
    0x080008fa   0x080008fa   0x00000002   PAD
    0x080008fc   0x080008fc   0x00000060   Code   RO         1939    .text.DataPacketTransfer  usermain.o
    0x0800095c   0x0800095c   0x00000002   Code   RO          142    .text.DebugMon_Handler  stm32f4xx_it.o
    0x0800095e   0x0800095e   0x00000002   PAD
    0x08000960   0x08000960   0x00000002   Code   RO           15    .text.Error_Handler  main.o
    0x08000962   0x08000962   0x00000002   PAD
    0x08000964   0x08000964   0x00000190   Code   RO         1993    .text.Gui_DrawFont_GBK16  gui.o
    0x08000af4   0x08000af4   0x00000010   Code   RO         2050    .text.Gui_DrawPoint  lcd.o
    0x08000b04   0x08000b04   0x00000106   Code   RO          213    .text.HAL_ADC_ConfigChannel  stm32f4xx_hal_adc.o
    0x08000c0a   0x08000c0a   0x00000002   PAD
    0x08000c0c   0x08000c0c   0x00000004   Code   RO          217    .text.HAL_ADC_GetState  stm32f4xx_hal_adc.o
    0x08000c10   0x08000c10   0x00000006   Code   RO          209    .text.HAL_ADC_GetValue  stm32f4xx_hal_adc.o
    0x08000c16   0x08000c16   0x00000002   PAD
    0x08000c18   0x08000c18   0x0000004e   Code   RO          169    .text.HAL_ADC_Init  stm32f4xx_hal_adc.o
    0x08000c66   0x08000c66   0x00000002   PAD
    0x08000c68   0x08000c68   0x0000006a   Code   RO           36    .text.HAL_ADC_MspInit  adc.o
    0x08000cd2   0x08000cd2   0x00000002   PAD
    0x08000cd4   0x08000cd4   0x000000b4   Code   RO          183    .text.HAL_ADC_PollForConversion  stm32f4xx_hal_adc.o
    0x08000d88   0x08000d88   0x00000104   Code   RO          179    .text.HAL_ADC_Start  stm32f4xx_hal_adc.o
    0x08000e8c   0x08000e8c   0x00000024   Code   RO          463    .text.HAL_DMA_Abort_IT  stm32f4xx_hal_dma.o
    0x08000eb0   0x08000eb0   0x00000028   Code   RO          639    .text.HAL_Delay     stm32f4xx_hal.o
    0x08000ed8   0x08000ed8   0x00000194   Code   RO          407    .text.HAL_GPIO_Init  stm32f4xx_hal_gpio.o
    0x0800106c   0x0800106c   0x0000000e   Code   RO          415    .text.HAL_GPIO_TogglePin  stm32f4xx_hal_gpio.o
    0x0800107a   0x0800107a   0x00000002   PAD
    0x0800107c   0x0800107c   0x0000000a   Code   RO          413    .text.HAL_GPIO_WritePin  stm32f4xx_hal_gpio.o
    0x08001086   0x08001086   0x00000002   PAD
    0x08001088   0x08001088   0x0000000c   Code   RO          631    .text.HAL_GetTick   stm32f4xx_hal.o
    0x08001094   0x08001094   0x0000018e   Code   RO          710    .text.HAL_I2C_Init  stm32f4xx_hal_i2c.o
    0x08001222   0x08001222   0x00000002   PAD
    0x08001224   0x08001224   0x0000017a   Code   RO           55    .text.HAL_I2C_MspInit  i2c.o
    0x0800139e   0x0800139e   0x00000002   PAD
    0x080013a0   0x080013a0   0x0000001a   Code   RO          629    .text.HAL_IncTick   stm32f4xx_hal.o
    0x080013ba   0x080013ba   0x00000002   PAD
    0x080013bc   0x080013bc   0x00000036   Code   RO          619    .text.HAL_Init      stm32f4xx_hal.o
    0x080013f2   0x080013f2   0x00000002   PAD
    0x080013f4   0x080013f4   0x00000050   Code   RO          621    .text.HAL_InitTick  stm32f4xx_hal.o
    0x08001444   0x08001444   0x00000038   Code   RO          161    .text.HAL_MspInit   stm32f4xx_hal_msp.o
    0x0800147c   0x0800147c   0x00000008   Code   RO          559    .text.HAL_NVIC_EnableIRQ  stm32f4xx_hal_cortex.o
    0x08001484   0x08001484   0x0000001e   Code   RO          551    .text.HAL_NVIC_SetPriority  stm32f4xx_hal_cortex.o
    0x080014a2   0x080014a2   0x00000002   PAD
    0x080014a4   0x080014a4   0x00000008   Code   RO          547    .text.HAL_NVIC_SetPriorityGrouping  stm32f4xx_hal_cortex.o
    0x080014ac   0x080014ac   0x00000160   Code   RO          271    .text.HAL_RCC_ClockConfig  stm32f4xx_hal_rcc.o
    0x0800160c   0x0800160c   0x0000000c   Code   RO          281    .text.HAL_RCC_GetHCLKFreq  stm32f4xx_hal_rcc.o
    0x08001618   0x08001618   0x00000022   Code   RO          283    .text.HAL_RCC_GetPCLK1Freq  stm32f4xx_hal_rcc.o
    0x0800163a   0x0800163a   0x00000002   PAD
    0x0800163c   0x0800163c   0x00000022   Code   RO          285    .text.HAL_RCC_GetPCLK2Freq  stm32f4xx_hal_rcc.o
    0x0800165e   0x0800165e   0x00000002   PAD
    0x08001660   0x08001660   0x00000068   Code   RO          273    .text.HAL_RCC_GetSysClockFreq  stm32f4xx_hal_rcc.o
    0x080016c8   0x080016c8   0x00000334   Code   RO          269    .text.HAL_RCC_OscConfig  stm32f4xx_hal_rcc.o
    0x080019fc   0x080019fc   0x00000074   Code   RO          881    .text.HAL_SPI_Init  stm32f4xx_hal_spi.o
    0x08001a70   0x08001a70   0x000000c2   Code   RO           74    .text.HAL_SPI_MspInit  spi.o
    0x08001b32   0x08001b32   0x00000002   PAD
    0x08001b34   0x08001b34   0x00000174   Code   RO          889    .text.HAL_SPI_Transmit  stm32f4xx_hal_spi.o
    0x08001ca8   0x08001ca8   0x00000008   Code   RO          571    .text.HAL_SYSTICK_Config  stm32f4xx_hal_cortex.o
    0x08001cb0   0x08001cb0   0x00000002   Code   RO         1309    .text.HAL_TIMEx_BreakCallback  stm32f4xx_hal_tim_ex.o
    0x08001cb2   0x08001cb2   0x00000002   PAD
    0x08001cb4   0x08001cb4   0x00000002   Code   RO         1305    .text.HAL_TIMEx_CommutCallback  stm32f4xx_hal_tim_ex.o
    0x08001cb6   0x08001cb6   0x00000002   PAD
    0x08001cb8   0x08001cb8   0x000000b8   Code   RO         1299    .text.HAL_TIMEx_MasterConfigSynchronization  stm32f4xx_hal_tim_ex.o
    0x08001d70   0x08001d70   0x00000036   Code   RO          999    .text.HAL_TIM_Base_Init  stm32f4xx_hal_tim.o
    0x08001da6   0x08001da6   0x00000002   PAD
    0x08001da8   0x08001da8   0x00000042   Code   RO           90    .text.HAL_TIM_Base_MspInit  tim.o
    0x08001dea   0x08001dea   0x00000002   PAD
    0x08001dec   0x08001dec   0x00000020   Code   RO         1013    .text.HAL_TIM_Base_Start_IT  stm32f4xx_hal_tim.o
    0x08001e0c   0x08001e0c   0x000000d0   Code   RO         1187    .text.HAL_TIM_ConfigClockSource  stm32f4xx_hal_tim.o
    0x08001edc   0x08001edc   0x00000002   Code   RO         1135    .text.HAL_TIM_IC_CaptureCallback  stm32f4xx_hal_tim.o
    0x08001ede   0x08001ede   0x00000002   PAD
    0x08001ee0   0x08001ee0   0x0000016a   Code   RO         1133    .text.HAL_TIM_IRQHandler  stm32f4xx_hal_tim.o
    0x0800204a   0x0800204a   0x00000002   PAD
    0x0800204c   0x0800204c   0x00000002   Code   RO         1137    .text.HAL_TIM_OC_DelayElapsedCallback  stm32f4xx_hal_tim.o
    0x0800204e   0x0800204e   0x00000002   PAD
    0x08002050   0x08002050   0x00000002   Code   RO         1139    .text.HAL_TIM_PWM_PulseFinishedCallback  stm32f4xx_hal_tim.o
    0x08002052   0x08002052   0x00000002   PAD
    0x08002054   0x08002054   0x0000005a   Code   RO         1945    .text.HAL_TIM_PeriodElapsedCallback  usermain.o
    0x080020ae   0x080020ae   0x00000002   PAD
    0x080020b0   0x080020b0   0x00000002   Code   RO         1143    .text.HAL_TIM_TriggerCallback  stm32f4xx_hal_tim.o
    0x080020b2   0x080020b2   0x00000002   PAD
    0x080020b4   0x080020b4   0x00000002   Code   RO         1403    .text.HAL_UART_ErrorCallback  stm32f4xx_hal_uart.o
    0x080020b6   0x080020b6   0x00000002   PAD
    0x080020b8   0x080020b8   0x00000114   Code   RO         1397    .text.HAL_UART_IRQHandler  stm32f4xx_hal_uart.o
    0x080021cc   0x080021cc   0x0000005e   Code   RO         1321    .text.HAL_UART_Init  stm32f4xx_hal_uart.o
    0x0800222a   0x0800222a   0x00000002   PAD
    0x0800222c   0x0800222c   0x0000022c   Code   RO          113    .text.HAL_UART_MspInit  usart.o
    0x08002458   0x08002458   0x00000054   Code   RO         1345    .text.HAL_UART_Receive_IT  stm32f4xx_hal_uart.o
    0x080024ac   0x080024ac   0x000000e2   Code   RO         1947    .text.HAL_UART_RxCpltCallback  usermain.o
    0x0800258e   0x0800258e   0x00000002   PAD
    0x08002590   0x08002590   0x000000c2   Code   RO         1337    .text.HAL_UART_Transmit  stm32f4xx_hal_uart.o
    0x08002652   0x08002652   0x00000002   PAD
    0x08002654   0x08002654   0x00000002   Code   RO         1409    .text.HAL_UART_TxCpltCallback  stm32f4xx_hal_uart.o
    0x08002656   0x08002656   0x00000002   PAD
    0x08002658   0x08002658   0x00000002   Code   RO          132    .text.HardFault_Handler  stm32f4xx_it.o
    0x0800265a   0x0800265a   0x00000002   PAD
    0x0800265c   0x0800265c   0x0000003c   Code   RO         1951    .text.HeartDataProcess  usermain.o
    0x08002698   0x08002698   0x00000038   Code   RO         2032    .text.LCD_SPI_Init  lcd.o
    0x080026d0   0x080026d0   0x000000e8   Code   RO         1456    .text.LMT70_GetContactTemperature  lmt70.o
    0x080027b8   0x080027b8   0x00000084   Code   RO         2005    .text.LcdAppendList  gui.o
    0x0800283c   0x0800283c   0x00000036   Code   RO         2052    .text.Lcd_Clear     lcd.o
    0x08002872   0x08002872   0x00000002   PAD
    0x08002874   0x08002874   0x00000204   Code   RO         2044    .text.Lcd_Init      lcd.o
    0x08002a78   0x08002a78   0x0000002c   Code   RO         2042    .text.Lcd_Reset     lcd.o
    0x08002aa4   0x08002aa4   0x0000003a   Code   RO         2048    .text.Lcd_SetRegion  lcd.o
    0x08002ade   0x08002ade   0x00000002   PAD
    0x08002ae0   0x08002ae0   0x00000026   Code   RO         2046    .text.Lcd_SetXY     lcd.o
    0x08002b06   0x08002b06   0x00000002   PAD
    0x08002b08   0x08002b08   0x00000032   Code   RO         2036    .text.Lcd_WriteData  lcd.o
    0x08002b3a   0x08002b3a   0x00000002   PAD
    0x08002b3c   0x08002b3c   0x00000012   Code   RO         2040    .text.Lcd_WriteData_16Bit  lcd.o
    0x08002b4e   0x08002b4e   0x00000002   PAD
    0x08002b50   0x08002b50   0x00000032   Code   RO         2034    .text.Lcd_WriteIndex  lcd.o
    0x08002b82   0x08002b82   0x00000002   PAD
    0x08002b84   0x08002b84   0x00000070   Code   RO           34    .text.MX_ADC1_Init  adc.o
    0x08002bf4   0x08002bf4   0x0000018c   Code   RO           25    .text.MX_GPIO_Init  gpio.o
    0x08002d80   0x08002d80   0x0000003e   Code   RO           49    .text.MX_I2C1_Init  i2c.o
    0x08002dbe   0x08002dbe   0x00000002   PAD
    0x08002dc0   0x08002dc0   0x0000003e   Code   RO           51    .text.MX_I2C2_Init  i2c.o
    0x08002dfe   0x08002dfe   0x00000002   PAD
    0x08002e00   0x08002e00   0x0000003e   Code   RO           53    .text.MX_I2C3_Init  i2c.o
    0x08002e3e   0x08002e3e   0x00000002   PAD
    0x08002e40   0x08002e40   0x0000004c   Code   RO           70    .text.MX_SPI1_Init  spi.o
    0x08002e8c   0x08002e8c   0x00000048   Code   RO           72    .text.MX_SPI2_Init  spi.o
    0x08002ed4   0x08002ed4   0x0000007a   Code   RO           88    .text.MX_TIM2_Init  tim.o
    0x08002f4e   0x08002f4e   0x00000002   PAD
    0x08002f50   0x08002f50   0x00000038   Code   RO          103    .text.MX_UART4_Init  usart.o
    0x08002f88   0x08002f88   0x00000038   Code   RO          105    .text.MX_USART1_UART_Init  usart.o
    0x08002fc0   0x08002fc0   0x00000038   Code   RO          107    .text.MX_USART2_UART_Init  usart.o
    0x08002ff8   0x08002ff8   0x00000038   Code   RO          109    .text.MX_USART3_UART_Init  usart.o
    0x08003030   0x08003030   0x00000038   Code   RO          111    .text.MX_USART6_UART_Init  usart.o
    0x08003068   0x08003068   0x00000002   Code   RO          134    .text.MemManage_Handler  stm32f4xx_it.o
    0x0800306a   0x0800306a   0x00000002   PAD
    0x0800306c   0x0800306c   0x00000002   Code   RO          130    .text.NMI_Handler   stm32f4xx_it.o
    0x0800306e   0x0800306e   0x00000002   PAD
    0x08003070   0x08003070   0x0000002c   Code   RO          557    .text.NVIC_EncodePriority  stm32f4xx_hal_cortex.o
    0x0800309c   0x0800309c   0x00000002   Code   RO          144    .text.PendSV_Handler  stm32f4xx_it.o
    0x0800309e   0x0800309e   0x00000002   PAD
    0x080030a0   0x080030a0   0x00000064   Code   RO          891    .text.SPI_EndRxTxTransaction  stm32f4xx_hal_spi.o
    0x08003104   0x08003104   0x00000092   Code   RO          989    .text.SPI_WaitFlagStateUntilTimeout  stm32f4xx_hal_spi.o
    0x08003196   0x08003196   0x00000002   PAD
    0x08003198   0x08003198   0x00000020   Code   RO         2030    .text.SPI_WriteByte  lcd.o
    0x080031b8   0x080031b8   0x00000002   Code   RO          140    .text.SVC_Handler   stm32f4xx_it.o
    0x080031ba   0x080031ba   0x00000002   PAD
    0x080031bc   0x080031bc   0x0000003c   Code   RO         1949    .text.StepDataProcess  usermain.o
    0x080031f8   0x080031f8   0x0000002e   Code   RO          573    .text.SysTick_Config  stm32f4xx_hal_cortex.o
    0x08003226   0x08003226   0x00000002   PAD
    0x08003228   0x08003228   0x00000008   Code   RO          146    .text.SysTick_Handler  stm32f4xx_it.o
    0x08003230   0x08003230   0x0000009c   Code   RO           13    .text.SystemClock_Config  main.o
    0x080032cc   0x080032cc   0x0000001a   Code   RO         1439    .text.SystemInit    system_stm32f4xx.o
    0x080032e6   0x080032e6   0x00000002   PAD
    0x080032e8   0x080032e8   0x00000010   Code   RO          148    .text.TIM2_IRQHandler  stm32f4xx_it.o
    0x080032f8   0x080032f8   0x00000124   Code   RO         1003    .text.TIM_Base_SetConfig  stm32f4xx_hal_tim.o
    0x0800341c   0x0800341c   0x00000016   Code   RO         1185    .text.TIM_ETR_SetConfig  stm32f4xx_hal_tim.o
    0x08003432   0x08003432   0x00000002   PAD
    0x08003434   0x08003434   0x00000010   Code   RO         1191    .text.TIM_ITRx_SetConfig  stm32f4xx_hal_tim.o
    0x08003444   0x08003444   0x00000022   Code   RO         1189    .text.TIM_TI1_ConfigInputStage  stm32f4xx_hal_tim.o
    0x08003466   0x08003466   0x00000002   PAD
    0x08003468   0x08003468   0x00000024   Code   RO         1193    .text.TIM_TI2_ConfigInputStage  stm32f4xx_hal_tim.o
    0x0800348c   0x0800348c   0x00000010   Code   RO         1401    .text.UART_DMAAbortOnError  stm32f4xx_hal_uart.o
    0x0800349c   0x0800349c   0x0000001a   Code   RO         1369    .text.UART_EndRxTransfer  stm32f4xx_hal_uart.o
    0x080034b6   0x080034b6   0x00000002   PAD
    0x080034b8   0x080034b8   0x00000018   Code   RO         1407    .text.UART_EndTransmit_IT  stm32f4xx_hal_uart.o
    0x080034d0   0x080034d0   0x0000007c   Code   RO         1399    .text.UART_Receive_IT  stm32f4xx_hal_uart.o
    0x0800354c   0x0800354c   0x0000016c   Code   RO         1325    .text.UART_SetConfig  stm32f4xx_hal_uart.o
    0x080036b8   0x080036b8   0x00000058   Code   RO         1405    .text.UART_Transmit_IT  stm32f4xx_hal_uart.o
    0x08003710   0x08003710   0x00000064   Code   RO         1339    .text.UART_WaitOnFlagUntilTimeout  stm32f4xx_hal_uart.o
    0x08003774   0x08003774   0x00000010   Code   RO          150    .text.USART1_IRQHandler  stm32f4xx_it.o
    0x08003784   0x08003784   0x00000010   Code   RO          152    .text.USART2_IRQHandler  stm32f4xx_it.o
    0x08003794   0x08003794   0x000000ec   Code   RO         1941    .text.UpdateLCD     usermain.o
    0x08003880   0x08003880   0x00000002   Code   RO          138    .text.UsageFault_Handler  stm32f4xx_it.o
    0x08003882   0x08003882   0x00000002   PAD
    0x08003884   0x08003884   0x0000007a   Code   RO         1935    .text.UserInit      usermain.o
    0x080038fe   0x080038fe   0x00000002   PAD
    0x08003900   0x08003900   0x0000000c   Code   RO         1937    .text.UserMain      usermain.o
    0x0800390c   0x0800390c   0x00000020   Code   RO          561    .text.__NVIC_EnableIRQ  stm32f4xx_hal_cortex.o
    0x0800392c   0x0800392c   0x00000010   Code   RO          553    .text.__NVIC_GetPriorityGrouping  stm32f4xx_hal_cortex.o
    0x0800393c   0x0800393c   0x00000022   Code   RO          555    .text.__NVIC_SetPriority  stm32f4xx_hal_cortex.o
    0x0800395e   0x0800395e   0x00000002   PAD
    0x08003960   0x08003960   0x00000020   Code   RO          549    .text.__NVIC_SetPriorityGrouping  stm32f4xx_hal_cortex.o
    0x08003980   0x08003980   0x00000046   Code   RO           11    .text.main          main.o
    0x080039c6   0x080039c6   0x00000002   PAD
    0x080039c8   0x080039c8   0x00000028   Code   RO         2311    i.__0sprintf        mc_w.l(printfa.o)
    0x080039f0   0x080039f0   0x0000000e   Code   RO         2397    i.__scatterload_copy  mc_w.l(handlers.o)
    0x080039fe   0x080039fe   0x00000002   Code   RO         2398    i.__scatterload_null  mc_w.l(handlers.o)
    0x08003a00   0x08003a00   0x0000000e   Code   RO         2399    i.__scatterload_zeroinit  mc_w.l(handlers.o)
    0x08003a0e   0x08003a0e   0x00000002   PAD
    0x08003a10   0x08003a10   0x00000184   Code   RO         2316    i._fp_digits        mc_w.l(printfa.o)
    0x08003b94   0x08003b94   0x000006dc   Code   RO         2317    i._printf_core      mc_w.l(printfa.o)
    0x08004270   0x08004270   0x00000024   Code   RO         2318    i._printf_post_padding  mc_w.l(printfa.o)
    0x08004294   0x08004294   0x0000002e   Code   RO         2319    i._printf_pre_padding  mc_w.l(printfa.o)
    0x080042c2   0x080042c2   0x0000000a   Code   RO         2321    i._sputc            mc_w.l(printfa.o)
    0x080042cc   0x080042cc   0x00000010   Data   RO         1444    .rodata.AHBPrescTable  system_stm32f4xx.o
    0x080042dc   0x080042dc   0x00000008   Data   RO         1445    .rodata.APBPrescTable  system_stm32f4xx.o
    0x080042e4   0x080042e4   0x000005f1   Data   RO         2009    .rodata.asc16       gui.o
    0x080048d5   0x080048d5   0x00000022   Data   RO         2011    .rodata.hz16        gui.o
    0x080048f7   0x080048f7   0x00000001   PAD
    0x080048f8   0x080048f8   0x00000020   Data   RO         2396    Region$$Table       anon$$obj.o


    Execution Region RW_IRAM2 (Exec base: 0x10000000, Load base: 0x08004940, Size: 0x00000000, Max: 0x00010000, ABSOLUTE)

    **** No section assigned to this execution region ****


    Execution Region RW_IRAM1 (Exec base: 0x20000000, Load base: 0x08004918, Size: 0x00001458, Max: 0x00020000, ABSOLUTE)

    Exec Addr    Load Addr    Size         Type   Attr      Idx    E Section Name        Object

    0x20000000   0x08004918   0x0000001b   Data   RW         1954    .data.StrInit       usermain.o
    0x2000001b   0x08004933   0x00000001   PAD
    0x2000001c   0x08004934   0x00000004   Data   RW         1443    .data.SystemCoreClock  system_stm32f4xx.o
    0x20000020   0x08004938   0x00000001   Data   RW          674    .data.uwTickFreq    stm32f4xx_hal.o
    0x20000021   0x08004939   0x00000003   PAD
    0x20000024   0x0800493c   0x00000004   Data   RW          673    .data.uwTickPrio    stm32f4xx_hal.o
    0x20000028        -       0x00000004   Zero   RW         1966    .bss.AllDataFlag    usermain.o
    0x2000002c        -       0x00000004   Zero   RW         1963    .bss.ContactTemperature  usermain.o
    0x20000030        -       0x00000016   Zero   RW         1969    .bss.DataPacket     usermain.o
    0x20000046        -       0x00000001   Zero   RW         1970    .bss.DataPacketTransfer.count  usermain.o
    0x20000047   0x08004940   0x00000001   PAD
    0x20000048        -       0x00000004   Zero   RW         1965    .bss.HAL_TIM_PeriodElapsedCallback.TempCount  usermain.o
    0x2000004c        -       0x00000004   Zero   RW         1964    .bss.HAL_TIM_PeriodElapsedCallback.count  usermain.o
    0x20000050        -       0x0000000f   Zero   RW         1957    .bss.HeartBuffer    usermain.o
    0x2000005f        -       0x00000001   Zero   RW         1962    .bss.HeartCount     usermain.o
    0x20000060        -       0x00000004   Zero   RW         1968    .bss.HeartReceiveFlag  usermain.o
    0x20000064        -       0x00000001   Zero   RW         1958    .bss.HeartReceiveNum  usermain.o
    0x20000065   0x08004940   0x00000003   PAD
    0x20000068        -       0x00000004   Zero   RW         2019    .bss.LcdAppendList.AppendListNum  gui.o
    0x2000006c        -       0x0000003c   Zero   RW         2020    .bss.LcdAppendList.ListGet  gui.o
    0x200000a8        -       0x00000005   Zero   RW         1955    .bss.StepBuffer     usermain.o
    0x200000ad   0x08004940   0x00000001   PAD
    0x200000ae        -       0x00000002   Zero   RW         1960    .bss.StepCount      usermain.o
    0x200000b0        -       0x00000004   Zero   RW         1967    .bss.StepReceiveFlag  usermain.o
    0x200000b4        -       0x00000001   Zero   RW         1956    .bss.StepReceiveNum  usermain.o
    0x200000b5   0x08004940   0x00000003   PAD
    0x200000b8        -       0x00000021   Zero   RW         1959    .bss.buffer         usermain.o
    0x200000d9   0x08004940   0x00000003   PAD
    0x200000dc        -       0x00000048   Zero   RW           40    .bss.hadc1          adc.o
    0x20000124        -       0x00000054   Zero   RW           59    .bss.hi2c1          i2c.o
    0x20000178        -       0x00000054   Zero   RW           60    .bss.hi2c2          i2c.o
    0x200001cc        -       0x00000054   Zero   RW           61    .bss.hi2c3          i2c.o
    0x20000220        -       0x00000058   Zero   RW           78    .bss.hspi1          spi.o
    0x20000278        -       0x00000058   Zero   RW           79    .bss.hspi2          spi.o
    0x200002d0        -       0x00000040   Zero   RW           94    .bss.htim2          tim.o
    0x20000310        -       0x00000040   Zero   RW          118    .bss.huart1         usart.o
    0x20000350        -       0x00000040   Zero   RW          119    .bss.huart2         usart.o
    0x20000390        -       0x00000040   Zero   RW          120    .bss.huart3         usart.o
    0x200003d0        -       0x00000040   Zero   RW          117    .bss.huart4         usart.o
    0x20000410        -       0x00000040   Zero   RW          121    .bss.huart6         usart.o
    0x20000450        -       0x00000001   Zero   RW         1961    .bss.length         usermain.o
    0x20000451   0x08004940   0x00000003   PAD
    0x20000454        -       0x00000004   Zero   RW          675    .bss.uwTick         stm32f4xx_hal.o
    0x20000458        -       0x00001000   Zero   RW            1    STACK               startup_stm32f407xx.o


==============================================================================

Image component sizes


      Code (inc. data)   RO Data    RW Data    ZI Data      Debug   Object Name

       218          0          0          0         72       4912   adc.o
       396          0          0          0          0       2343   gpio.o
       532          0       1555          0         64       9977   gui.o
       564          0          0          0        252       5614   i2c.o
       932          0          0          0          0       3612   lcd.o
       232         40          0          0          0       1633   lmt70.o
       228          0          0          0          0       2629   main.o
       342          0          0          0        176       5108   spi.o
        36          8        392          0       4096        820   startup_stm32f407xx.o
       212          0          0          5          4       7295   stm32f4xx_hal.o
      1054          0          0          0          0      10540   stm32f4xx_hal_adc.o
       258          0          0          0          0      10336   stm32f4xx_hal_cortex.o
        36          0          0          0          0       8931   stm32f4xx_hal_dma.o
       428          0          0          0          0       5091   stm32f4xx_hal_gpio.o
       398          0          0          0          0      38858   stm32f4xx_hal_i2c.o
        56          0          0          0          0       1455   stm32f4xx_hal_msp.o
      1356          0          0          0          0       7255   stm32f4xx_hal_rcc.o
       734          0          0          0          0      20853   stm32f4xx_hal_spi.o
      1064          0          0          0          0      36194   stm32f4xx_hal_tim.o
       188          0          0          0          0      14301   stm32f4xx_hal_tim_ex.o
      1394          0          0          0          0      17204   stm32f4xx_hal_uart.o
        72          0          0          0          0       1291   stm32f4xx_it.o
        26          0         24          4          0       2641   system_stm32f4xx.o
       188          0          0          0         64       6616   tim.o
       836          0          0          0        320       7694   usart.o
       902         64          0         27        106       7172   usermain.o

    ----------------------------------------------------------------------
     12796        112       2004         40       5168     240375   Object Totals
         0          0         32          0          0          0   (incl. Generated)
       114          0          1          4         14          0   (incl. Padding)

    ----------------------------------------------------------------------

      Code (inc. data)   RO Data    RW Data    ZI Data      Debug   Library Member Name

         0          0          0          0          0          0   entry.o
         0          0          0          0          0          0   entry10a.o
         0          0          0          0          0          0   entry11a.o
         8          4          0          0          0          0   entry2.o
         4          0          0          0          0          0   entry5.o
         0          0          0          0          0          0   entry7b.o
         0          0          0          0          0          0   entry8b.o
         8          4          0          0          0          0   entry9a.o
        30          0          0          0          0          0   handlers.o
        36          8          0          0          0         68   init.o
         0          0          0          0          0          0   iusefp.o
        30          0          0          0          0         68   llshl.o
        36          0          0          0          0         68   llsshr.o
        32          0          0          0          0         68   llushr.o
        36          0          0          0          0        108   memseta.o
      2276         86          0          0          0        520   printfa.o
        44          0          0          0          0         80   uidiv.o
        98          0          0          0          0         92   uldiv.o
        48          0          0          0          0         68   cdrcmple.o
        56          0          0          0          0         88   d2f.o
       334          0          0          0          0        148   dadd.o
       222          0          0          0          0        100   ddiv.o
       186          0          0          0          0        176   depilogue.o
        48          0          0          0          0         68   dfixul.o
       228          0          0          0          0         96   dmul.o
        38          0          0          0          0         68   f2d.o
       110          0          0          0          0        168   fepilogue.o

    ----------------------------------------------------------------------
      3912        102          0          0          0       2052   Library Totals
         4          0          0          0          0          0   (incl. Padding)

    ----------------------------------------------------------------------

      Code (inc. data)   RO Data    RW Data    ZI Data      Debug   Library Name

      2638        102          0          0          0       1072   mc_w.l
      1270          0          0          0          0        980   mf_w.l

    ----------------------------------------------------------------------
      3912        102          0          0          0       2052   Library Totals

    ----------------------------------------------------------------------

==============================================================================


      Code (inc. data)   RO Data    RW Data    ZI Data      Debug   

     16708        214       2004         40       5168     241259   Grand Totals
     16708        214       2004         40       5168     241259   ELF Image Totals
     16708        214       2004         40          0          0   ROM Totals

==============================================================================

    Total RO  Size (Code + RO Data)                18712 (  18.27kB)
    Total RW  Size (RW Data + ZI Data)              5208 (   5.09kB)
    Total ROM Size (Code + RO Data + RW Data)      18752 (  18.31kB)

==============================================================================

